2026-01-15T07:23:50.5925928Z Current runner version: '2.331.0'
2026-01-15T07:23:50.5952157Z ##[group]Runner Image Provisioner
2026-01-15T07:23:50.5952921Z Hosted Compute Agent
2026-01-15T07:23:50.5953497Z Version: 20251211.462
2026-01-15T07:23:50.5954114Z Commit: 6cbad8c2bb55d58165063d031ccabf57e2d2db61
2026-01-15T07:23:50.5954767Z Build Date: 2025-12-11T16:28:49Z
2026-01-15T07:23:50.5955493Z Worker ID: {7a313cb9-c749-4e23-b8b6-678a75eb9f32}
2026-01-15T07:23:50.5956186Z ##[endgroup]
2026-01-15T07:23:50.5957152Z ##[group]Operating System
2026-01-15T07:23:50.5957792Z Ubuntu
2026-01-15T07:23:50.5958242Z 24.04.3
2026-01-15T07:23:50.5958684Z LTS
2026-01-15T07:23:50.5959083Z ##[endgroup]
2026-01-15T07:23:50.5959660Z ##[group]Runner Image
2026-01-15T07:23:50.5960167Z Image: ubuntu-24.04
2026-01-15T07:23:50.5960709Z Version: 20260111.209.1
2026-01-15T07:23:50.5961668Z Included Software: https://github.com/actions/runner-images/blob/ubuntu24/20260111.209/images/ubuntu/Ubuntu2404-Readme.md
2026-01-15T07:23:50.5963188Z Image Release: https://github.com/actions/runner-images/releases/tag/ubuntu24%2F20260111.209
2026-01-15T07:23:50.5964269Z ##[endgroup]
2026-01-15T07:23:50.5965298Z ##[group]GITHUB_TOKEN Permissions
2026-01-15T07:23:50.5967575Z Contents: read
2026-01-15T07:23:50.5968078Z Metadata: read
2026-01-15T07:23:50.5968651Z Packages: read
2026-01-15T07:23:50.5969155Z ##[endgroup]
2026-01-15T07:23:50.5971150Z Secret source: Actions
2026-01-15T07:23:50.5971908Z Prepare workflow directory
2026-01-15T07:23:50.6288128Z Prepare all required actions
2026-01-15T07:23:50.6326530Z Getting action download info
2026-01-15T07:23:50.9158006Z Download action repository 'actions/checkout@v4' (SHA:34e114876b0b11c390a56381ad16ebd13914f8d5)
2026-01-15T07:23:51.2663522Z Download action repository 'actions/setup-python@v4' (SHA:7f4fc3e22c37d6ff65e88745f38bd3157c663f7c)
2026-01-15T07:23:51.4984228Z Complete job name: test (3.11)
2026-01-15T07:23:51.5632898Z ##[group]Run actions/checkout@v4
2026-01-15T07:23:51.5633730Z with:
2026-01-15T07:23:51.5634126Z   repository: fietiger/icongen-mcp
2026-01-15T07:23:51.5634786Z   token: ***
2026-01-15T07:23:51.5635147Z   ssh-strict: true
2026-01-15T07:23:51.5635526Z   ssh-user: git
2026-01-15T07:23:51.5635909Z   persist-credentials: true
2026-01-15T07:23:51.5636528Z   clean: true
2026-01-15T07:23:51.5636908Z   sparse-checkout-cone-mode: true
2026-01-15T07:23:51.5637364Z   fetch-depth: 1
2026-01-15T07:23:51.5637726Z   fetch-tags: false
2026-01-15T07:23:51.5638098Z   show-progress: true
2026-01-15T07:23:51.5638482Z   lfs: false
2026-01-15T07:23:51.5638823Z   submodules: false
2026-01-15T07:23:51.5639204Z   set-safe-directory: true
2026-01-15T07:23:51.5639875Z ##[endgroup]
2026-01-15T07:23:51.6851700Z Syncing repository: fietiger/icongen-mcp
2026-01-15T07:23:51.6853416Z ##[group]Getting Git version info
2026-01-15T07:23:51.6854145Z Working directory is '/home/runner/work/icongen-mcp/icongen-mcp'
2026-01-15T07:23:51.6855147Z [command]/usr/bin/git version
2026-01-15T07:23:51.7655658Z git version 2.52.0
2026-01-15T07:23:51.7683759Z ##[endgroup]
2026-01-15T07:23:51.7700373Z Temporarily overriding HOME='/home/runner/work/_temp/6166cb30-774d-451e-b0bd-367ba319a361' before making global git config changes
2026-01-15T07:23:51.7702717Z Adding repository directory to the temporary git global config as a safe directory
2026-01-15T07:23:51.7715148Z [command]/usr/bin/git config --global --add safe.directory /home/runner/work/icongen-mcp/icongen-mcp
2026-01-15T07:23:51.7791269Z Deleting the contents of '/home/runner/work/icongen-mcp/icongen-mcp'
2026-01-15T07:23:51.7795391Z ##[group]Initializing the repository
2026-01-15T07:23:51.7800928Z [command]/usr/bin/git init /home/runner/work/icongen-mcp/icongen-mcp
2026-01-15T07:23:51.8228478Z hint: Using 'master' as the name for the initial branch. This default branch name
2026-01-15T07:23:51.8230351Z hint: will change to "main" in Git 3.0. To configure the initial branch name
2026-01-15T07:23:51.8231347Z hint: to use in all of your new repositories, which will suppress this warning,
2026-01-15T07:23:51.8232082Z hint: call:
2026-01-15T07:23:51.8232742Z hint:
2026-01-15T07:23:51.8233238Z hint: 	git config --global init.defaultBranch <name>
2026-01-15T07:23:51.8233821Z hint:
2026-01-15T07:23:51.8234368Z hint: Names commonly chosen instead of 'master' are 'main', 'trunk' and
2026-01-15T07:23:51.8235288Z hint: 'development'. The just-created branch can be renamed via this command:
2026-01-15T07:23:51.8236017Z hint:
2026-01-15T07:23:51.8236612Z hint: 	git branch -m <name>
2026-01-15T07:23:51.8237054Z hint:
2026-01-15T07:23:51.8237647Z hint: Disable this message with "git config set advice.defaultBranchName false"
2026-01-15T07:23:51.8258301Z Initialized empty Git repository in /home/runner/work/icongen-mcp/icongen-mcp/.git/
2026-01-15T07:23:51.8272810Z [command]/usr/bin/git remote add origin https://github.com/fietiger/icongen-mcp
2026-01-15T07:23:51.8350894Z ##[endgroup]
2026-01-15T07:23:51.8352154Z ##[group]Disabling automatic garbage collection
2026-01-15T07:23:51.8356838Z [command]/usr/bin/git config --local gc.auto 0
2026-01-15T07:23:51.8390567Z ##[endgroup]
2026-01-15T07:23:51.8391784Z ##[group]Setting up auth
2026-01-15T07:23:51.8399404Z [command]/usr/bin/git config --local --name-only --get-regexp core\.sshCommand
2026-01-15T07:23:51.8433913Z [command]/usr/bin/git submodule foreach --recursive sh -c "git config --local --name-only --get-regexp 'core\.sshCommand' && git config --local --unset-all 'core.sshCommand' || :"
2026-01-15T07:23:51.9765405Z [command]/usr/bin/git config --local --name-only --get-regexp http\.https\:\/\/github\.com\/\.extraheader
2026-01-15T07:23:51.9801424Z [command]/usr/bin/git submodule foreach --recursive sh -c "git config --local --name-only --get-regexp 'http\.https\:\/\/github\.com\/\.extraheader' && git config --local --unset-all 'http.https://github.com/.extraheader' || :"
2026-01-15T07:23:52.0053976Z [command]/usr/bin/git config --local --name-only --get-regexp ^includeIf\.gitdir:
2026-01-15T07:23:52.0087364Z [command]/usr/bin/git submodule foreach --recursive git config --local --show-origin --name-only --get-regexp remote.origin.url
2026-01-15T07:23:52.0331382Z [command]/usr/bin/git config --local http.https://github.com/.extraheader AUTHORIZATION: basic ***
2026-01-15T07:23:52.0370727Z ##[endgroup]
2026-01-15T07:23:52.0371857Z ##[group]Fetching the repository
2026-01-15T07:23:52.0380781Z [command]/usr/bin/git -c protocol.version=2 fetch --no-tags --prune --no-recurse-submodules --depth=1 origin +8f8b612afaac1785d21ef999188017cd583575bc:refs/remotes/origin/main
2026-01-15T07:23:52.2862539Z From https://github.com/fietiger/icongen-mcp
2026-01-15T07:23:52.2863571Z  * [new ref]         8f8b612afaac1785d21ef999188017cd583575bc -> origin/main
2026-01-15T07:23:52.2934915Z ##[endgroup]
2026-01-15T07:23:52.2935763Z ##[group]Determining the checkout info
2026-01-15T07:23:52.2937227Z ##[endgroup]
2026-01-15T07:23:52.2942591Z [command]/usr/bin/git sparse-checkout disable
2026-01-15T07:23:52.3021660Z [command]/usr/bin/git config --local --unset-all extensions.worktreeConfig
2026-01-15T07:23:52.3051105Z ##[group]Checking out the ref
2026-01-15T07:23:52.3055844Z [command]/usr/bin/git checkout --progress --force -B main refs/remotes/origin/main
2026-01-15T07:23:52.3176979Z Switched to a new branch 'main'
2026-01-15T07:23:52.3179710Z branch 'main' set up to track 'origin/main'.
2026-01-15T07:23:52.3186870Z ##[endgroup]
2026-01-15T07:23:52.3223905Z [command]/usr/bin/git log -1 --format=%H
2026-01-15T07:23:52.3247241Z 8f8b612afaac1785d21ef999188017cd583575bc
2026-01-15T07:23:52.3494590Z ##[group]Run actions/setup-python@v4
2026-01-15T07:23:52.3495086Z with:
2026-01-15T07:23:52.3495434Z   python-version: 3.11
2026-01-15T07:23:52.3495816Z   check-latest: false
2026-01-15T07:23:52.3496612Z   token: ***
2026-01-15T07:23:52.3496992Z   update-environment: true
2026-01-15T07:23:52.3497409Z   allow-prereleases: false
2026-01-15T07:23:52.3497824Z ##[endgroup]
2026-01-15T07:23:52.5384370Z ##[group]Installed versions
2026-01-15T07:23:52.5969925Z Successfully set up CPython (3.11.14)
2026-01-15T07:23:52.5970672Z ##[endgroup]
2026-01-15T07:23:52.6084807Z ##[group]Run python -m pip install --upgrade pip
2026-01-15T07:23:52.6085323Z [36;1mpython -m pip install --upgrade pip[0m
2026-01-15T07:23:52.6085661Z [36;1mpip install -e .[0m
2026-01-15T07:23:52.6085943Z [36;1mpip install pytest black flake8[0m
2026-01-15T07:23:52.6164166Z shell: /usr/bin/bash -e {0}
2026-01-15T07:23:52.6164462Z env:
2026-01-15T07:23:52.6164753Z   pythonLocation: /opt/hostedtoolcache/Python/3.11.14/x64
2026-01-15T07:23:52.6165235Z   PKG_CONFIG_PATH: /opt/hostedtoolcache/Python/3.11.14/x64/lib/pkgconfig
2026-01-15T07:23:52.6165695Z   Python_ROOT_DIR: /opt/hostedtoolcache/Python/3.11.14/x64
2026-01-15T07:23:52.6166089Z   Python2_ROOT_DIR: /opt/hostedtoolcache/Python/3.11.14/x64
2026-01-15T07:23:52.6166773Z   Python3_ROOT_DIR: /opt/hostedtoolcache/Python/3.11.14/x64
2026-01-15T07:23:52.6167191Z   LD_LIBRARY_PATH: /opt/hostedtoolcache/Python/3.11.14/x64/lib
2026-01-15T07:23:52.6167558Z ##[endgroup]
2026-01-15T07:23:56.0342570Z Requirement already satisfied: pip in /opt/hostedtoolcache/Python/3.11.14/x64/lib/python3.11/site-packages (25.3)
2026-01-15T07:23:57.0889455Z Obtaining file:///home/runner/work/icongen-mcp/icongen-mcp
2026-01-15T07:23:57.0907002Z   Installing build dependencies: started
2026-01-15T07:23:58.3439319Z   Installing build dependencies: finished with status 'done'
2026-01-15T07:23:58.3445418Z   Checking if build backend supports build_editable: started
2026-01-15T07:23:58.7648207Z   Checking if build backend supports build_editable: finished with status 'done'
2026-01-15T07:23:58.7655436Z   Getting requirements to build editable: started
2026-01-15T07:23:59.0908477Z   Getting requirements to build editable: finished with status 'done'
2026-01-15T07:23:59.0917352Z   Preparing editable metadata (pyproject.toml): started
2026-01-15T07:23:59.2670217Z   Preparing editable metadata (pyproject.toml): finished with status 'done'
2026-01-15T07:23:59.5569262Z Collecting Pillow>=9.0.0 (from icogen-mcp==0.1.0)
2026-01-15T07:23:59.6241665Z   Downloading pillow-12.1.0-cp311-cp311-manylinux_2_27_x86_64.manylinux_2_28_x86_64.whl.metadata (8.8 kB)
2026-01-15T07:23:59.6573906Z Collecting fastmcp>=0.1.0 (from icogen-mcp==0.1.0)
2026-01-15T07:23:59.6661541Z   Downloading fastmcp-2.14.3-py3-none-any.whl.metadata (20 kB)
2026-01-15T07:23:59.8106681Z Collecting pydantic>=2.0.0 (from icogen-mcp==0.1.0)
2026-01-15T07:23:59.8185133Z   Downloading pydantic-2.12.5-py3-none-any.whl.metadata (90 kB)
2026-01-15T07:23:59.8600420Z Collecting authlib>=1.6.5 (from fastmcp>=0.1.0->icogen-mcp==0.1.0)
2026-01-15T07:23:59.8676471Z   Downloading authlib-1.6.6-py2.py3-none-any.whl.metadata (9.8 kB)
2026-01-15T07:23:59.8975150Z Collecting cyclopts>=4.0.0 (from fastmcp>=0.1.0->icogen-mcp==0.1.0)
2026-01-15T07:23:59.9052213Z   Downloading cyclopts-4.4.6-py3-none-any.whl.metadata (12 kB)
2026-01-15T07:23:59.9287597Z Collecting exceptiongroup>=1.2.2 (from fastmcp>=0.1.0->icogen-mcp==0.1.0)
2026-01-15T07:23:59.9361894Z   Downloading exceptiongroup-1.3.1-py3-none-any.whl.metadata (6.7 kB)
2026-01-15T07:23:59.9611573Z Collecting httpx>=0.28.1 (from fastmcp>=0.1.0->icogen-mcp==0.1.0)
2026-01-15T07:23:59.9691117Z   Downloading httpx-0.28.1-py3-none-any.whl.metadata (7.1 kB)
2026-01-15T07:23:59.9857879Z Collecting jsonschema-path>=0.3.4 (from fastmcp>=0.1.0->icogen-mcp==0.1.0)
2026-01-15T07:23:59.9931781Z   Downloading jsonschema_path-0.3.4-py3-none-any.whl.metadata (4.3 kB)
2026-01-15T07:24:00.0145748Z Collecting mcp<2.0,>=1.24.0 (from fastmcp>=0.1.0->icogen-mcp==0.1.0)
2026-01-15T07:24:00.0224449Z   Downloading mcp-1.25.0-py3-none-any.whl.metadata (89 kB)
2026-01-15T07:24:00.0542720Z Collecting openapi-pydantic>=0.5.1 (from fastmcp>=0.1.0->icogen-mcp==0.1.0)
2026-01-15T07:24:00.0636891Z   Downloading openapi_pydantic-0.5.1-py3-none-any.whl.metadata (10 kB)
2026-01-15T07:24:00.0877599Z Collecting platformdirs>=4.0.0 (from fastmcp>=0.1.0->icogen-mcp==0.1.0)
2026-01-15T07:24:00.0970336Z   Downloading platformdirs-4.5.1-py3-none-any.whl.metadata (12 kB)
2026-01-15T07:24:00.1145659Z Collecting py-key-value-aio<0.4.0,>=0.3.0 (from py-key-value-aio[disk,keyring,memory]<0.4.0,>=0.3.0->fastmcp>=0.1.0->icogen-mcp==0.1.0)
2026-01-15T07:24:00.1217326Z   Downloading py_key_value_aio-0.3.0-py3-none-any.whl.metadata (2.5 kB)
2026-01-15T07:24:00.1611073Z Collecting pydocket>=0.16.6 (from fastmcp>=0.1.0->icogen-mcp==0.1.0)
2026-01-15T07:24:00.1687140Z   Downloading pydocket-0.16.6-py3-none-any.whl.metadata (6.3 kB)
2026-01-15T07:24:00.1862985Z Collecting pyperclip>=1.9.0 (from fastmcp>=0.1.0->icogen-mcp==0.1.0)
2026-01-15T07:24:00.1965212Z   Downloading pyperclip-1.11.0-py3-none-any.whl.metadata (2.4 kB)
2026-01-15T07:24:00.2177138Z Collecting python-dotenv>=1.1.0 (from fastmcp>=0.1.0->icogen-mcp==0.1.0)
2026-01-15T07:24:00.2254596Z   Downloading python_dotenv-1.2.1-py3-none-any.whl.metadata (25 kB)
2026-01-15T07:24:00.2718668Z Collecting rich>=13.9.4 (from fastmcp>=0.1.0->icogen-mcp==0.1.0)
2026-01-15T07:24:00.2792532Z   Downloading rich-14.2.0-py3-none-any.whl.metadata (18 kB)
2026-01-15T07:24:00.3137483Z Collecting uvicorn>=0.35 (from fastmcp>=0.1.0->icogen-mcp==0.1.0)
2026-01-15T07:24:00.3215577Z   Downloading uvicorn-0.40.0-py3-none-any.whl.metadata (6.7 kB)
2026-01-15T07:24:00.4440448Z Collecting websockets>=15.0.1 (from fastmcp>=0.1.0->icogen-mcp==0.1.0)
2026-01-15T07:24:00.4522987Z   Downloading websockets-16.0-cp311-cp311-manylinux1_x86_64.manylinux_2_28_x86_64.manylinux_2_5_x86_64.whl.metadata (6.8 kB)
2026-01-15T07:24:00.4757904Z Collecting anyio>=4.5 (from mcp<2.0,>=1.24.0->fastmcp>=0.1.0->icogen-mcp==0.1.0)
2026-01-15T07:24:00.4832389Z   Downloading anyio-4.12.1-py3-none-any.whl.metadata (4.3 kB)
2026-01-15T07:24:00.4984205Z Collecting httpx-sse>=0.4 (from mcp<2.0,>=1.24.0->fastmcp>=0.1.0->icogen-mcp==0.1.0)
2026-01-15T07:24:00.5057204Z   Downloading httpx_sse-0.4.3-py3-none-any.whl.metadata (9.7 kB)
2026-01-15T07:24:00.5365296Z Collecting jsonschema>=4.20.0 (from mcp<2.0,>=1.24.0->fastmcp>=0.1.0->icogen-mcp==0.1.0)
2026-01-15T07:24:00.5439909Z   Downloading jsonschema-4.26.0-py3-none-any.whl.metadata (7.6 kB)
2026-01-15T07:24:00.5658504Z Collecting pydantic-settings>=2.5.2 (from mcp<2.0,>=1.24.0->fastmcp>=0.1.0->icogen-mcp==0.1.0)
2026-01-15T07:24:00.5743567Z   Downloading pydantic_settings-2.12.0-py3-none-any.whl.metadata (3.4 kB)
2026-01-15T07:24:00.6092156Z Collecting pyjwt>=2.10.1 (from pyjwt[crypto]>=2.10.1->mcp<2.0,>=1.24.0->fastmcp>=0.1.0->icogen-mcp==0.1.0)
2026-01-15T07:24:00.6166693Z   Downloading PyJWT-2.10.1-py3-none-any.whl.metadata (4.0 kB)
2026-01-15T07:24:00.6349480Z Collecting python-multipart>=0.0.9 (from mcp<2.0,>=1.24.0->fastmcp>=0.1.0->icogen-mcp==0.1.0)
2026-01-15T07:24:00.6425652Z   Downloading python_multipart-0.0.21-py3-none-any.whl.metadata (1.8 kB)
2026-01-15T07:24:00.6640436Z Collecting sse-starlette>=1.6.1 (from mcp<2.0,>=1.24.0->fastmcp>=0.1.0->icogen-mcp==0.1.0)
2026-01-15T07:24:00.6714497Z   Downloading sse_starlette-3.1.2-py3-none-any.whl.metadata (12 kB)
2026-01-15T07:24:00.7096652Z Collecting starlette>=0.27 (from mcp<2.0,>=1.24.0->fastmcp>=0.1.0->icogen-mcp==0.1.0)
2026-01-15T07:24:00.7174077Z   Downloading starlette-0.51.0-py3-none-any.whl.metadata (6.3 kB)
2026-01-15T07:24:00.7397529Z Collecting typing-extensions>=4.9.0 (from mcp<2.0,>=1.24.0->fastmcp>=0.1.0->icogen-mcp==0.1.0)
2026-01-15T07:24:00.7475435Z   Downloading typing_extensions-4.15.0-py3-none-any.whl.metadata (3.3 kB)
2026-01-15T07:24:00.7623458Z Collecting typing-inspection>=0.4.1 (from mcp<2.0,>=1.24.0->fastmcp>=0.1.0->icogen-mcp==0.1.0)
2026-01-15T07:24:00.7696531Z   Downloading typing_inspection-0.4.2-py3-none-any.whl.metadata (2.6 kB)
2026-01-15T07:24:00.7920600Z Collecting py-key-value-shared==0.3.0 (from py-key-value-aio<0.4.0,>=0.3.0->py-key-value-aio[disk,keyring,memory]<0.4.0,>=0.3.0->fastmcp>=0.1.0->icogen-mcp==0.1.0)
2026-01-15T07:24:00.7998969Z   Downloading py_key_value_shared-0.3.0-py3-none-any.whl.metadata (706 bytes)
2026-01-15T07:24:00.8240747Z Collecting beartype>=0.20.0 (from py-key-value-aio<0.4.0,>=0.3.0->py-key-value-aio[disk,keyring,memory]<0.4.0,>=0.3.0->fastmcp>=0.1.0->icogen-mcp==0.1.0)
2026-01-15T07:24:00.8316692Z   Downloading beartype-0.22.9-py3-none-any.whl.metadata (37 kB)
2026-01-15T07:24:00.8836814Z Collecting diskcache>=5.0.0 (from py-key-value-aio[disk,keyring,memory]<0.4.0,>=0.3.0->fastmcp>=0.1.0->icogen-mcp==0.1.0)
2026-01-15T07:24:00.8920098Z   Downloading diskcache-5.6.3-py3-none-any.whl.metadata (20 kB)
2026-01-15T07:24:00.9194098Z Collecting pathvalidate>=3.3.1 (from py-key-value-aio[disk,keyring,memory]<0.4.0,>=0.3.0->fastmcp>=0.1.0->icogen-mcp==0.1.0)
2026-01-15T07:24:00.9280036Z   Downloading pathvalidate-3.3.1-py3-none-any.whl.metadata (12 kB)
2026-01-15T07:24:00.9684204Z Collecting keyring>=25.6.0 (from py-key-value-aio[disk,keyring,memory]<0.4.0,>=0.3.0->fastmcp>=0.1.0->icogen-mcp==0.1.0)
2026-01-15T07:24:00.9760714Z   Downloading keyring-25.7.0-py3-none-any.whl.metadata (21 kB)
2026-01-15T07:24:01.0053333Z Collecting cachetools>=5.0.0 (from py-key-value-aio[disk,keyring,memory]<0.4.0,>=0.3.0->fastmcp>=0.1.0->icogen-mcp==0.1.0)
2026-01-15T07:24:01.0127403Z   Downloading cachetools-6.2.4-py3-none-any.whl.metadata (5.6 kB)
2026-01-15T07:24:01.0312105Z Collecting annotated-types>=0.6.0 (from pydantic>=2.0.0->icogen-mcp==0.1.0)
2026-01-15T07:24:01.0389049Z   Downloading annotated_types-0.7.0-py3-none-any.whl.metadata (15 kB)
2026-01-15T07:24:01.7493271Z Collecting pydantic-core==2.41.5 (from pydantic>=2.0.0->icogen-mcp==0.1.0)
2026-01-15T07:24:01.7572095Z   Downloading pydantic_core-2.41.5-cp311-cp311-manylinux_2_17_x86_64.manylinux2014_x86_64.whl.metadata (7.3 kB)
2026-01-15T07:24:01.7808443Z Collecting idna>=2.8 (from anyio>=4.5->mcp<2.0,>=1.24.0->fastmcp>=0.1.0->icogen-mcp==0.1.0)
2026-01-15T07:24:01.7885756Z   Downloading idna-3.11-py3-none-any.whl.metadata (8.4 kB)
2026-01-15T07:24:02.0259453Z Collecting cryptography (from authlib>=1.6.5->fastmcp>=0.1.0->icogen-mcp==0.1.0)
2026-01-15T07:24:02.0335376Z   Downloading cryptography-46.0.3-cp311-abi3-manylinux_2_34_x86_64.whl.metadata (5.7 kB)
2026-01-15T07:24:02.0603398Z Collecting attrs>=23.1.0 (from cyclopts>=4.0.0->fastmcp>=0.1.0->icogen-mcp==0.1.0)
2026-01-15T07:24:02.0676864Z   Downloading attrs-25.4.0-py3-none-any.whl.metadata (10 kB)
2026-01-15T07:24:02.0852232Z Collecting docstring-parser<4.0,>=0.15 (from cyclopts>=4.0.0->fastmcp>=0.1.0->icogen-mcp==0.1.0)
2026-01-15T07:24:02.0929342Z   Downloading docstring_parser-0.17.0-py3-none-any.whl.metadata (3.5 kB)
2026-01-15T07:24:02.1100689Z Collecting rich-rst<2.0.0,>=1.3.1 (from cyclopts>=4.0.0->fastmcp>=0.1.0->icogen-mcp==0.1.0)
2026-01-15T07:24:02.1178912Z   Downloading rich_rst-1.3.2-py3-none-any.whl.metadata (6.1 kB)
2026-01-15T07:24:02.1532900Z Collecting docutils (from rich-rst<2.0.0,>=1.3.1->cyclopts>=4.0.0->fastmcp>=0.1.0->icogen-mcp==0.1.0)
2026-01-15T07:24:02.1607550Z   Downloading docutils-0.22.4-py3-none-any.whl.metadata (15 kB)
2026-01-15T07:24:02.2022560Z Collecting certifi (from httpx>=0.28.1->fastmcp>=0.1.0->icogen-mcp==0.1.0)
2026-01-15T07:24:02.2097711Z   Downloading certifi-2026.1.4-py3-none-any.whl.metadata (2.5 kB)
2026-01-15T07:24:02.2325237Z Collecting httpcore==1.* (from httpx>=0.28.1->fastmcp>=0.1.0->icogen-mcp==0.1.0)
2026-01-15T07:24:02.2400535Z   Downloading httpcore-1.0.9-py3-none-any.whl.metadata (21 kB)
2026-01-15T07:24:02.2585894Z Collecting h11>=0.16 (from httpcore==1.*->httpx>=0.28.1->fastmcp>=0.1.0->icogen-mcp==0.1.0)
2026-01-15T07:24:02.2657899Z   Downloading h11-0.16.0-py3-none-any.whl.metadata (8.3 kB)
2026-01-15T07:24:02.2902981Z Collecting jsonschema-specifications>=2023.03.6 (from jsonschema>=4.20.0->mcp<2.0,>=1.24.0->fastmcp>=0.1.0->icogen-mcp==0.1.0)
2026-01-15T07:24:02.2976051Z   Downloading jsonschema_specifications-2025.9.1-py3-none-any.whl.metadata (2.9 kB)
2026-01-15T07:24:02.3273444Z Collecting referencing>=0.28.4 (from jsonschema>=4.20.0->mcp<2.0,>=1.24.0->fastmcp>=0.1.0->icogen-mcp==0.1.0)
2026-01-15T07:24:02.3356437Z   Downloading referencing-0.37.0-py3-none-any.whl.metadata (2.8 kB)
2026-01-15T07:24:02.6638506Z Collecting rpds-py>=0.25.0 (from jsonschema>=4.20.0->mcp<2.0,>=1.24.0->fastmcp>=0.1.0->icogen-mcp==0.1.0)
2026-01-15T07:24:02.6718789Z   Downloading rpds_py-0.30.0-cp311-cp311-manylinux_2_17_x86_64.manylinux2014_x86_64.whl.metadata (4.1 kB)
2026-01-15T07:24:02.7172265Z Collecting PyYAML>=5.1 (from jsonschema-path>=0.3.4->fastmcp>=0.1.0->icogen-mcp==0.1.0)
2026-01-15T07:24:02.7261230Z   Downloading pyyaml-6.0.3-cp311-cp311-manylinux2014_x86_64.manylinux_2_17_x86_64.manylinux_2_28_x86_64.whl.metadata (2.4 kB)
2026-01-15T07:24:02.7422167Z Collecting pathable<0.5.0,>=0.4.1 (from jsonschema-path>=0.3.4->fastmcp>=0.1.0->icogen-mcp==0.1.0)
2026-01-15T07:24:02.7495368Z   Downloading pathable-0.4.4-py3-none-any.whl.metadata (1.8 kB)
2026-01-15T07:24:02.7619195Z Collecting referencing>=0.28.4 (from jsonschema>=4.20.0->mcp<2.0,>=1.24.0->fastmcp>=0.1.0->icogen-mcp==0.1.0)
2026-01-15T07:24:02.7696753Z   Downloading referencing-0.36.2-py3-none-any.whl.metadata (2.8 kB)
2026-01-15T07:24:02.7984419Z Collecting requests<3.0.0,>=2.31.0 (from jsonschema-path>=0.3.4->fastmcp>=0.1.0->icogen-mcp==0.1.0)
2026-01-15T07:24:02.8064781Z   Downloading requests-2.32.5-py3-none-any.whl.metadata (4.9 kB)
2026-01-15T07:24:02.9044913Z Collecting charset_normalizer<4,>=2 (from requests<3.0.0,>=2.31.0->jsonschema-path>=0.3.4->fastmcp>=0.1.0->icogen-mcp==0.1.0)
2026-01-15T07:24:02.9121510Z   Downloading charset_normalizer-3.4.4-cp311-cp311-manylinux2014_x86_64.manylinux_2_17_x86_64.manylinux_2_28_x86_64.whl.metadata (37 kB)
2026-01-15T07:24:02.9523515Z Collecting urllib3<3,>=1.21.1 (from requests<3.0.0,>=2.31.0->jsonschema-path>=0.3.4->fastmcp>=0.1.0->icogen-mcp==0.1.0)
2026-01-15T07:24:02.9598512Z   Downloading urllib3-2.6.3-py3-none-any.whl.metadata (6.9 kB)
2026-01-15T07:24:03.0068292Z Collecting SecretStorage>=3.2 (from keyring>=25.6.0->py-key-value-aio[disk,keyring,memory]<0.4.0,>=0.3.0->fastmcp>=0.1.0->icogen-mcp==0.1.0)
2026-01-15T07:24:03.0141910Z   Downloading secretstorage-3.5.0-py3-none-any.whl.metadata (4.0 kB)
2026-01-15T07:24:03.0315049Z Collecting jeepney>=0.4.2 (from keyring>=25.6.0->py-key-value-aio[disk,keyring,memory]<0.4.0,>=0.3.0->fastmcp>=0.1.0->icogen-mcp==0.1.0)
2026-01-15T07:24:03.0391000Z   Downloading jeepney-0.9.0-py3-none-any.whl.metadata (1.2 kB)
2026-01-15T07:24:03.0738946Z Collecting importlib_metadata>=4.11.4 (from keyring>=25.6.0->py-key-value-aio[disk,keyring,memory]<0.4.0,>=0.3.0->fastmcp>=0.1.0->icogen-mcp==0.1.0)
2026-01-15T07:24:03.0817227Z   Downloading importlib_metadata-8.7.1-py3-none-any.whl.metadata (4.7 kB)
2026-01-15T07:24:03.0994834Z Collecting jaraco.classes (from keyring>=25.6.0->py-key-value-aio[disk,keyring,memory]<0.4.0,>=0.3.0->fastmcp>=0.1.0->icogen-mcp==0.1.0)
2026-01-15T07:24:03.1068243Z   Downloading jaraco.classes-3.4.0-py3-none-any.whl.metadata (2.6 kB)
2026-01-15T07:24:03.1284993Z Collecting jaraco.functools (from keyring>=25.6.0->py-key-value-aio[disk,keyring,memory]<0.4.0,>=0.3.0->fastmcp>=0.1.0->icogen-mcp==0.1.0)
2026-01-15T07:24:03.1360138Z   Downloading jaraco_functools-4.4.0-py3-none-any.whl.metadata (3.0 kB)
2026-01-15T07:24:03.1537474Z Collecting jaraco.context (from keyring>=25.6.0->py-key-value-aio[disk,keyring,memory]<0.4.0,>=0.3.0->fastmcp>=0.1.0->icogen-mcp==0.1.0)
2026-01-15T07:24:03.1612949Z   Downloading jaraco_context-6.1.0-py3-none-any.whl.metadata (4.3 kB)
2026-01-15T07:24:03.1850907Z Collecting zipp>=3.20 (from importlib_metadata>=4.11.4->keyring>=25.6.0->py-key-value-aio[disk,keyring,memory]<0.4.0,>=0.3.0->fastmcp>=0.1.0->icogen-mcp==0.1.0)
2026-01-15T07:24:03.1923445Z   Downloading zipp-3.23.0-py3-none-any.whl.metadata (3.6 kB)
2026-01-15T07:24:03.2515236Z Collecting email-validator>=2.0.0 (from pydantic[email]>=2.11.7->fastmcp>=0.1.0->icogen-mcp==0.1.0)
2026-01-15T07:24:03.2593225Z   Downloading email_validator-2.3.0-py3-none-any.whl.metadata (26 kB)
2026-01-15T07:24:03.2812531Z Collecting dnspython>=2.0.0 (from email-validator>=2.0.0->pydantic[email]>=2.11.7->fastmcp>=0.1.0->icogen-mcp==0.1.0)
2026-01-15T07:24:03.2888237Z   Downloading dnspython-2.8.0-py3-none-any.whl.metadata (5.7 kB)
2026-01-15T07:24:03.3178944Z Collecting cloudpickle>=3.1.1 (from pydocket>=0.16.6->fastmcp>=0.1.0->icogen-mcp==0.1.0)
2026-01-15T07:24:03.3250763Z   Downloading cloudpickle-3.1.2-py3-none-any.whl.metadata (7.1 kB)
2026-01-15T07:24:03.3565432Z Collecting fakeredis>=2.32.1 (from fakeredis[lua]>=2.32.1->pydocket>=0.16.6->fastmcp>=0.1.0->icogen-mcp==0.1.0)
2026-01-15T07:24:03.3640474Z   Downloading fakeredis-2.33.0-py3-none-any.whl.metadata (4.4 kB)
2026-01-15T07:24:03.3901498Z Collecting opentelemetry-api>=1.33.0 (from pydocket>=0.16.6->fastmcp>=0.1.0->icogen-mcp==0.1.0)
2026-01-15T07:24:03.3973364Z   Downloading opentelemetry_api-1.39.1-py3-none-any.whl.metadata (1.5 kB)
2026-01-15T07:24:03.4184105Z Collecting opentelemetry-exporter-prometheus>=0.60b0 (from pydocket>=0.16.6->fastmcp>=0.1.0->icogen-mcp==0.1.0)
2026-01-15T07:24:03.4258051Z   Downloading opentelemetry_exporter_prometheus-0.60b1-py3-none-any.whl.metadata (2.1 kB)
2026-01-15T07:24:03.4480337Z Collecting opentelemetry-instrumentation>=0.60b0 (from pydocket>=0.16.6->fastmcp>=0.1.0->icogen-mcp==0.1.0)
2026-01-15T07:24:03.4553169Z   Downloading opentelemetry_instrumentation-0.60b1-py3-none-any.whl.metadata (7.2 kB)
2026-01-15T07:24:03.4743397Z Collecting prometheus-client>=0.21.1 (from pydocket>=0.16.6->fastmcp>=0.1.0->icogen-mcp==0.1.0)
2026-01-15T07:24:03.4817420Z   Downloading prometheus_client-0.24.1-py3-none-any.whl.metadata (2.1 kB)
2026-01-15T07:24:03.4987072Z Collecting python-json-logger>=2.0.7 (from pydocket>=0.16.6->fastmcp>=0.1.0->icogen-mcp==0.1.0)
2026-01-15T07:24:03.5061793Z   Downloading python_json_logger-4.0.0-py3-none-any.whl.metadata (4.0 kB)
2026-01-15T07:24:03.5380273Z Collecting redis>=5 (from pydocket>=0.16.6->fastmcp>=0.1.0->icogen-mcp==0.1.0)
2026-01-15T07:24:03.5456007Z   Downloading redis-7.1.0-py3-none-any.whl.metadata (12 kB)
2026-01-15T07:24:03.5706995Z Collecting typer>=0.15.1 (from pydocket>=0.16.6->fastmcp>=0.1.0->icogen-mcp==0.1.0)
2026-01-15T07:24:03.5782906Z   Downloading typer-0.21.1-py3-none-any.whl.metadata (16 kB)
2026-01-15T07:24:03.6119756Z Collecting sortedcontainers>=2 (from fakeredis>=2.32.1->fakeredis[lua]>=2.32.1->pydocket>=0.16.6->fastmcp>=0.1.0->icogen-mcp==0.1.0)
2026-01-15T07:24:03.6191780Z   Downloading sortedcontainers-2.4.0-py2.py3-none-any.whl.metadata (10 kB)
2026-01-15T07:24:03.6834347Z Collecting lupa>=2.1 (from fakeredis[lua]>=2.32.1->pydocket>=0.16.6->fastmcp>=0.1.0->icogen-mcp==0.1.0)
2026-01-15T07:24:03.6923548Z   Downloading lupa-2.6-cp311-cp311-manylinux2014_x86_64.manylinux_2_17_x86_64.manylinux_2_28_x86_64.whl.metadata (58 kB)
2026-01-15T07:24:03.7486766Z Collecting opentelemetry-sdk~=1.39.1 (from opentelemetry-exporter-prometheus>=0.60b0->pydocket>=0.16.6->fastmcp>=0.1.0->icogen-mcp==0.1.0)
2026-01-15T07:24:03.7559298Z   Downloading opentelemetry_sdk-1.39.1-py3-none-any.whl.metadata (1.5 kB)
2026-01-15T07:24:03.7886095Z Collecting opentelemetry-semantic-conventions==0.60b1 (from opentelemetry-sdk~=1.39.1->opentelemetry-exporter-prometheus>=0.60b0->pydocket>=0.16.6->fastmcp>=0.1.0->icogen-mcp==0.1.0)
2026-01-15T07:24:03.7959749Z   Downloading opentelemetry_semantic_conventions-0.60b1-py3-none-any.whl.metadata (2.4 kB)
2026-01-15T07:24:03.8328830Z Collecting packaging>=18.0 (from opentelemetry-instrumentation>=0.60b0->pydocket>=0.16.6->fastmcp>=0.1.0->icogen-mcp==0.1.0)
2026-01-15T07:24:03.8404839Z   Downloading packaging-25.0-py3-none-any.whl.metadata (3.3 kB)
2026-01-15T07:24:04.0473864Z Collecting wrapt<2.0.0,>=1.0.0 (from opentelemetry-instrumentation>=0.60b0->pydocket>=0.16.6->fastmcp>=0.1.0->icogen-mcp==0.1.0)
2026-01-15T07:24:04.0555643Z   Downloading wrapt-1.17.3-cp311-cp311-manylinux1_x86_64.manylinux_2_28_x86_64.manylinux_2_5_x86_64.whl.metadata (6.4 kB)
2026-01-15T07:24:04.1945648Z Collecting cffi>=2.0.0 (from cryptography->authlib>=1.6.5->fastmcp>=0.1.0->icogen-mcp==0.1.0)
2026-01-15T07:24:04.2022083Z   Downloading cffi-2.0.0-cp311-cp311-manylinux2014_x86_64.manylinux_2_17_x86_64.whl.metadata (2.6 kB)
2026-01-15T07:24:04.2193206Z Collecting pycparser (from cffi>=2.0.0->cryptography->authlib>=1.6.5->fastmcp>=0.1.0->icogen-mcp==0.1.0)
2026-01-15T07:24:04.2264841Z   Downloading pycparser-2.23-py3-none-any.whl.metadata (993 bytes)
2026-01-15T07:24:04.2577189Z Collecting markdown-it-py>=2.2.0 (from rich>=13.9.4->fastmcp>=0.1.0->icogen-mcp==0.1.0)
2026-01-15T07:24:04.2653386Z   Downloading markdown_it_py-4.0.0-py3-none-any.whl.metadata (7.3 kB)
2026-01-15T07:24:04.2918564Z Collecting pygments<3.0.0,>=2.13.0 (from rich>=13.9.4->fastmcp>=0.1.0->icogen-mcp==0.1.0)
2026-01-15T07:24:04.2994787Z   Downloading pygments-2.19.2-py3-none-any.whl.metadata (2.5 kB)
2026-01-15T07:24:04.3174334Z Collecting mdurl~=0.1 (from markdown-it-py>=2.2.0->rich>=13.9.4->fastmcp>=0.1.0->icogen-mcp==0.1.0)
2026-01-15T07:24:04.3247854Z   Downloading mdurl-0.1.2-py3-none-any.whl.metadata (1.6 kB)
2026-01-15T07:24:04.4064039Z Collecting click>=8.0.0 (from typer>=0.15.1->pydocket>=0.16.6->fastmcp>=0.1.0->icogen-mcp==0.1.0)
2026-01-15T07:24:04.4137615Z   Downloading click-8.3.1-py3-none-any.whl.metadata (2.6 kB)
2026-01-15T07:24:04.4352036Z Collecting shellingham>=1.3.0 (from typer>=0.15.1->pydocket>=0.16.6->fastmcp>=0.1.0->icogen-mcp==0.1.0)
2026-01-15T07:24:04.4424069Z   Downloading shellingham-1.5.4-py2.py3-none-any.whl.metadata (3.5 kB)
2026-01-15T07:24:04.4972074Z Collecting more-itertools (from jaraco.classes->keyring>=25.6.0->py-key-value-aio[disk,keyring,memory]<0.4.0,>=0.3.0->fastmcp>=0.1.0->icogen-mcp==0.1.0)
2026-01-15T07:24:04.5043697Z   Downloading more_itertools-10.8.0-py3-none-any.whl.metadata (39 kB)
2026-01-15T07:24:04.5668859Z Collecting backports.tarfile (from jaraco.context->keyring>=25.6.0->py-key-value-aio[disk,keyring,memory]<0.4.0,>=0.3.0->fastmcp>=0.1.0->icogen-mcp==0.1.0)
2026-01-15T07:24:04.5744790Z   Downloading backports.tarfile-1.2.0-py3-none-any.whl.metadata (2.0 kB)
2026-01-15T07:24:04.5994874Z Downloading fastmcp-2.14.3-py3-none-any.whl (416 kB)
2026-01-15T07:24:04.6485360Z Downloading mcp-1.25.0-py3-none-any.whl (233 kB)
2026-01-15T07:24:04.6737794Z Downloading py_key_value_aio-0.3.0-py3-none-any.whl (96 kB)
2026-01-15T07:24:04.6884708Z Downloading py_key_value_shared-0.3.0-py3-none-any.whl (19 kB)
2026-01-15T07:24:04.6991487Z Downloading pydantic-2.12.5-py3-none-any.whl (463 kB)
2026-01-15T07:24:04.7335628Z Downloading pydantic_core-2.41.5-cp311-cp311-manylinux_2_17_x86_64.manylinux2014_x86_64.whl (2.1 MB)
2026-01-15T07:24:04.8153036Z    ‚îÅ‚îÅ‚îÅ‚îÅ‚îÅ‚îÅ‚îÅ‚îÅ‚îÅ‚îÅ‚îÅ‚îÅ‚îÅ‚îÅ‚îÅ‚îÅ‚îÅ‚îÅ‚îÅ‚îÅ‚îÅ‚îÅ‚îÅ‚îÅ‚îÅ‚îÅ‚îÅ‚îÅ‚îÅ‚îÅ‚îÅ‚îÅ‚îÅ‚îÅ‚îÅ‚îÅ‚îÅ‚îÅ‚îÅ‚îÅ 2.1/2.1 MB 26.5 MB/s  0:00:00
2026-01-15T07:24:04.8230815Z Downloading annotated_types-0.7.0-py3-none-any.whl (13 kB)
2026-01-15T07:24:04.8326115Z Downloading anyio-4.12.1-py3-none-any.whl (113 kB)
2026-01-15T07:24:04.8434604Z Downloading authlib-1.6.6-py2.py3-none-any.whl (244 kB)
2026-01-15T07:24:04.8592707Z Downloading beartype-0.22.9-py3-none-any.whl (1.3 MB)
2026-01-15T07:24:04.8941734Z    ‚îÅ‚îÅ‚îÅ‚îÅ‚îÅ‚îÅ‚îÅ‚îÅ‚îÅ‚îÅ‚îÅ‚îÅ‚îÅ‚îÅ‚îÅ‚îÅ‚îÅ‚îÅ‚îÅ‚îÅ‚îÅ‚îÅ‚îÅ‚îÅ‚îÅ‚îÅ‚îÅ‚îÅ‚îÅ‚îÅ‚îÅ‚îÅ‚îÅ‚îÅ‚îÅ‚îÅ‚îÅ‚îÅ‚îÅ‚îÅ 1.3/1.3 MB 40.0 MB/s  0:00:00
2026-01-15T07:24:04.9014157Z Downloading cachetools-6.2.4-py3-none-any.whl (11 kB)
2026-01-15T07:24:04.9127986Z Downloading cyclopts-4.4.6-py3-none-any.whl (197 kB)
2026-01-15T07:24:04.9241526Z Downloading docstring_parser-0.17.0-py3-none-any.whl (36 kB)
2026-01-15T07:24:04.9333585Z Downloading rich_rst-1.3.2-py3-none-any.whl (12 kB)
2026-01-15T07:24:04.9430534Z Downloading attrs-25.4.0-py3-none-any.whl (67 kB)
2026-01-15T07:24:04.9525251Z Downloading diskcache-5.6.3-py3-none-any.whl (45 kB)
2026-01-15T07:24:04.9618589Z Downloading exceptiongroup-1.3.1-py3-none-any.whl (16 kB)
2026-01-15T07:24:04.9712366Z Downloading httpx-0.28.1-py3-none-any.whl (73 kB)
2026-01-15T07:24:04.9811359Z Downloading httpcore-1.0.9-py3-none-any.whl (78 kB)
2026-01-15T07:24:04.9905579Z Downloading h11-0.16.0-py3-none-any.whl (37 kB)
2026-01-15T07:24:04.9997254Z Downloading httpx_sse-0.4.3-py3-none-any.whl (9.0 kB)
2026-01-15T07:24:05.0084620Z Downloading idna-3.11-py3-none-any.whl (71 kB)
2026-01-15T07:24:05.0181053Z Downloading jsonschema-4.26.0-py3-none-any.whl (90 kB)
2026-01-15T07:24:05.0278121Z Downloading jsonschema_path-0.3.4-py3-none-any.whl (14 kB)
2026-01-15T07:24:05.0373841Z Downloading pathable-0.4.4-py3-none-any.whl (9.6 kB)
2026-01-15T07:24:05.0466914Z Downloading referencing-0.36.2-py3-none-any.whl (26 kB)
2026-01-15T07:24:05.0556765Z Downloading requests-2.32.5-py3-none-any.whl (64 kB)
2026-01-15T07:24:05.0653349Z Downloading charset_normalizer-3.4.4-cp311-cp311-manylinux2014_x86_64.manylinux_2_17_x86_64.manylinux_2_28_x86_64.whl (151 kB)
2026-01-15T07:24:05.0762397Z Downloading urllib3-2.6.3-py3-none-any.whl (131 kB)
2026-01-15T07:24:05.0875788Z Downloading certifi-2026.1.4-py3-none-any.whl (152 kB)
2026-01-15T07:24:05.0982029Z Downloading jsonschema_specifications-2025.9.1-py3-none-any.whl (18 kB)
2026-01-15T07:24:05.1076774Z Downloading keyring-25.7.0-py3-none-any.whl (39 kB)
2026-01-15T07:24:05.1166810Z Downloading importlib_metadata-8.7.1-py3-none-any.whl (27 kB)
2026-01-15T07:24:05.1260209Z Downloading jeepney-0.9.0-py3-none-any.whl (49 kB)
2026-01-15T07:24:05.1353926Z Downloading openapi_pydantic-0.5.1-py3-none-any.whl (96 kB)
2026-01-15T07:24:05.1445430Z Downloading pathvalidate-3.3.1-py3-none-any.whl (24 kB)
2026-01-15T07:24:05.1536782Z Downloading pillow-12.1.0-cp311-cp311-manylinux_2_27_x86_64.manylinux_2_28_x86_64.whl (7.0 MB)
2026-01-15T07:24:05.2575179Z    ‚îÅ‚îÅ‚îÅ‚îÅ‚îÅ‚îÅ‚îÅ‚îÅ‚îÅ‚îÅ‚îÅ‚îÅ‚îÅ‚îÅ‚îÅ‚îÅ‚îÅ‚îÅ‚îÅ‚îÅ‚îÅ‚îÅ‚îÅ‚îÅ‚îÅ‚îÅ‚îÅ‚îÅ‚îÅ‚îÅ‚îÅ‚îÅ‚îÅ‚îÅ‚îÅ‚îÅ‚îÅ‚îÅ‚îÅ‚îÅ 7.0/7.0 MB 68.7 MB/s  0:00:00
2026-01-15T07:24:05.2650951Z Downloading platformdirs-4.5.1-py3-none-any.whl (18 kB)
2026-01-15T07:24:05.2743767Z Downloading pydantic_settings-2.12.0-py3-none-any.whl (51 kB)
2026-01-15T07:24:05.2839234Z Downloading email_validator-2.3.0-py3-none-any.whl (35 kB)
2026-01-15T07:24:05.2927827Z Downloading dnspython-2.8.0-py3-none-any.whl (331 kB)
2026-01-15T07:24:05.3038108Z Downloading pydocket-0.16.6-py3-none-any.whl (67 kB)
2026-01-15T07:24:05.3132253Z Downloading cloudpickle-3.1.2-py3-none-any.whl (22 kB)
2026-01-15T07:24:05.3222307Z Downloading fakeredis-2.33.0-py3-none-any.whl (119 kB)
2026-01-15T07:24:05.3340572Z Downloading lupa-2.6-cp311-cp311-manylinux2014_x86_64.manylinux_2_17_x86_64.manylinux_2_28_x86_64.whl (2.1 MB)
2026-01-15T07:24:05.3591983Z    ‚îÅ‚îÅ‚îÅ‚îÅ‚îÅ‚îÅ‚îÅ‚îÅ‚îÅ‚îÅ‚îÅ‚îÅ‚îÅ‚îÅ‚îÅ‚îÅ‚îÅ‚îÅ‚îÅ‚îÅ‚îÅ‚îÅ‚îÅ‚îÅ‚îÅ‚îÅ‚îÅ‚îÅ‚îÅ‚îÅ‚îÅ‚îÅ‚îÅ‚îÅ‚îÅ‚îÅ‚îÅ‚îÅ‚îÅ‚îÅ 2.1/2.1 MB 83.5 MB/s  0:00:00
2026-01-15T07:24:05.3668178Z Downloading opentelemetry_api-1.39.1-py3-none-any.whl (66 kB)
2026-01-15T07:24:05.3761879Z Downloading opentelemetry_exporter_prometheus-0.60b1-py3-none-any.whl (13 kB)
2026-01-15T07:24:05.3852341Z Downloading opentelemetry_sdk-1.39.1-py3-none-any.whl (132 kB)
2026-01-15T07:24:05.3945670Z Downloading opentelemetry_semantic_conventions-0.60b1-py3-none-any.whl (219 kB)
2026-01-15T07:24:05.4045987Z Downloading prometheus_client-0.24.1-py3-none-any.whl (64 kB)
2026-01-15T07:24:05.4139274Z Downloading opentelemetry_instrumentation-0.60b1-py3-none-any.whl (33 kB)
2026-01-15T07:24:05.4230653Z Downloading wrapt-1.17.3-cp311-cp311-manylinux1_x86_64.manylinux_2_28_x86_64.manylinux_2_5_x86_64.whl (82 kB)
2026-01-15T07:24:05.4326911Z Downloading packaging-25.0-py3-none-any.whl (66 kB)
2026-01-15T07:24:05.4422526Z Downloading PyJWT-2.10.1-py3-none-any.whl (22 kB)
2026-01-15T07:24:05.4510781Z Downloading cryptography-46.0.3-cp311-abi3-manylinux_2_34_x86_64.whl (4.5 MB)
2026-01-15T07:24:05.4904068Z    ‚îÅ‚îÅ‚îÅ‚îÅ‚îÅ‚îÅ‚îÅ‚îÅ‚îÅ‚îÅ‚îÅ‚îÅ‚îÅ‚îÅ‚îÅ‚îÅ‚îÅ‚îÅ‚îÅ‚îÅ‚îÅ‚îÅ‚îÅ‚îÅ‚îÅ‚îÅ‚îÅ‚îÅ‚îÅ‚îÅ‚îÅ‚îÅ‚îÅ‚îÅ‚îÅ‚îÅ‚îÅ‚îÅ‚îÅ‚îÅ 4.5/4.5 MB 115.9 MB/s  0:00:00
2026-01-15T07:24:05.4979171Z Downloading cffi-2.0.0-cp311-cp311-manylinux2014_x86_64.manylinux_2_17_x86_64.whl (215 kB)
2026-01-15T07:24:05.5078979Z Downloading pyperclip-1.11.0-py3-none-any.whl (11 kB)
2026-01-15T07:24:05.5172570Z Downloading python_dotenv-1.2.1-py3-none-any.whl (21 kB)
2026-01-15T07:24:05.5265816Z Downloading python_json_logger-4.0.0-py3-none-any.whl (15 kB)
2026-01-15T07:24:05.5360510Z Downloading python_multipart-0.0.21-py3-none-any.whl (24 kB)
2026-01-15T07:24:05.5452040Z Downloading pyyaml-6.0.3-cp311-cp311-manylinux2014_x86_64.manylinux_2_17_x86_64.manylinux_2_28_x86_64.whl (806 kB)
2026-01-15T07:24:05.5526654Z    ‚îÅ‚îÅ‚îÅ‚îÅ‚îÅ‚îÅ‚îÅ‚îÅ‚îÅ‚îÅ‚îÅ‚îÅ‚îÅ‚îÅ‚îÅ‚îÅ‚îÅ‚îÅ‚îÅ‚îÅ‚îÅ‚îÅ‚îÅ‚îÅ‚îÅ‚îÅ‚îÅ‚îÅ‚îÅ‚îÅ‚îÅ‚îÅ‚îÅ‚îÅ‚îÅ‚îÅ‚îÅ‚îÅ‚îÅ‚îÅ 806.6/806.6 kB 107.2 MB/s  0:00:00
2026-01-15T07:24:05.5602880Z Downloading redis-7.1.0-py3-none-any.whl (354 kB)
2026-01-15T07:24:05.5708481Z Downloading rich-14.2.0-py3-none-any.whl (243 kB)
2026-01-15T07:24:05.5807837Z Downloading pygments-2.19.2-py3-none-any.whl (1.2 MB)
2026-01-15T07:24:05.5924057Z    ‚îÅ‚îÅ‚îÅ‚îÅ‚îÅ‚îÅ‚îÅ‚îÅ‚îÅ‚îÅ‚îÅ‚îÅ‚îÅ‚îÅ‚îÅ‚îÅ‚îÅ‚îÅ‚îÅ‚îÅ‚îÅ‚îÅ‚îÅ‚îÅ‚îÅ‚îÅ‚îÅ‚îÅ‚îÅ‚îÅ‚îÅ‚îÅ‚îÅ‚îÅ‚îÅ‚îÅ‚îÅ‚îÅ‚îÅ‚îÅ 1.2/1.2 MB 104.3 MB/s  0:00:00
2026-01-15T07:24:05.5999892Z Downloading markdown_it_py-4.0.0-py3-none-any.whl (87 kB)
2026-01-15T07:24:05.6097288Z Downloading mdurl-0.1.2-py3-none-any.whl (10.0 kB)
2026-01-15T07:24:05.6189949Z Downloading rpds_py-0.30.0-cp311-cp311-manylinux_2_17_x86_64.manylinux2014_x86_64.whl (390 kB)
2026-01-15T07:24:05.6298273Z Downloading secretstorage-3.5.0-py3-none-any.whl (15 kB)
2026-01-15T07:24:05.6389318Z Downloading sortedcontainers-2.4.0-py2.py3-none-any.whl (29 kB)
2026-01-15T07:24:05.6485712Z Downloading sse_starlette-3.1.2-py3-none-any.whl (12 kB)
2026-01-15T07:24:05.6573962Z Downloading starlette-0.51.0-py3-none-any.whl (74 kB)
2026-01-15T07:24:05.6668930Z Downloading typer-0.21.1-py3-none-any.whl (47 kB)
2026-01-15T07:24:05.6760964Z Downloading click-8.3.1-py3-none-any.whl (108 kB)
2026-01-15T07:24:05.6854404Z Downloading shellingham-1.5.4-py2.py3-none-any.whl (9.8 kB)
2026-01-15T07:24:05.6953076Z Downloading typing_extensions-4.15.0-py3-none-any.whl (44 kB)
2026-01-15T07:24:05.7042694Z Downloading typing_inspection-0.4.2-py3-none-any.whl (14 kB)
2026-01-15T07:24:05.7131241Z Downloading uvicorn-0.40.0-py3-none-any.whl (68 kB)
2026-01-15T07:24:05.7223625Z Downloading websockets-16.0-cp311-cp311-manylinux1_x86_64.manylinux_2_28_x86_64.manylinux_2_5_x86_64.whl (184 kB)
2026-01-15T07:24:05.7318130Z Downloading zipp-3.23.0-py3-none-any.whl (10 kB)
2026-01-15T07:24:05.7406579Z Downloading docutils-0.22.4-py3-none-any.whl (633 kB)
2026-01-15T07:24:05.7481477Z    ‚îÅ‚îÅ‚îÅ‚îÅ‚îÅ‚îÅ‚îÅ‚îÅ‚îÅ‚îÅ‚îÅ‚îÅ‚îÅ‚îÅ‚îÅ‚îÅ‚îÅ‚îÅ‚îÅ‚îÅ‚îÅ‚îÅ‚îÅ‚îÅ‚îÅ‚îÅ‚îÅ‚îÅ‚îÅ‚îÅ‚îÅ‚îÅ‚îÅ‚îÅ‚îÅ‚îÅ‚îÅ‚îÅ‚îÅ‚îÅ 633.2/633.2 kB 87.1 MB/s  0:00:00
2026-01-15T07:24:05.7555961Z Downloading jaraco.classes-3.4.0-py3-none-any.whl (6.8 kB)
2026-01-15T07:24:05.7645014Z Downloading jaraco_context-6.1.0-py3-none-any.whl (7.1 kB)
2026-01-15T07:24:05.7737598Z Downloading backports.tarfile-1.2.0-py3-none-any.whl (30 kB)
2026-01-15T07:24:05.7830137Z Downloading jaraco_functools-4.4.0-py3-none-any.whl (10 kB)
2026-01-15T07:24:05.7925930Z Downloading more_itertools-10.8.0-py3-none-any.whl (69 kB)
2026-01-15T07:24:05.8019153Z Downloading pycparser-2.23-py3-none-any.whl (118 kB)
2026-01-15T07:24:05.8798333Z Building wheels for collected packages: icogen-mcp
2026-01-15T07:24:05.8806706Z   Building editable for icogen-mcp (pyproject.toml): started
2026-01-15T07:24:06.0692971Z   Building editable for icogen-mcp (pyproject.toml): finished with status 'done'
2026-01-15T07:24:06.0700189Z   Created wheel for icogen-mcp: filename=icogen_mcp-0.1.0-0.editable-py3-none-any.whl size=2750 sha256=f7526025afebe61deca5b0cd69aec2294fd19b979e897cd7e53f702da509382e
2026-01-15T07:24:06.0702503Z   Stored in directory: /tmp/pip-ephem-wheel-cache-wqempioe/wheels/98/18/14/58f8f156edf9eb76a342ae2c8bd3f8623de404a9c180931136
2026-01-15T07:24:06.0718418Z Successfully built icogen-mcp
2026-01-15T07:24:06.1972498Z Installing collected packages: sortedcontainers, pyperclip, lupa, zipp, wrapt, websockets, urllib3, typing-extensions, shellingham, rpds-py, redis, PyYAML, python-multipart, python-json-logger, python-dotenv, pyjwt, pygments, pycparser, prometheus-client, platformdirs, Pillow, pathvalidate, pathable, packaging, more-itertools, mdurl, jeepney, idna, httpx-sse, h11, docutils, docstring-parser, dnspython, diskcache, cloudpickle, click, charset_normalizer, certifi, cachetools, beartype, backports.tarfile, attrs, annotated-types, uvicorn, typing-inspection, requests, referencing, pydantic-core, py-key-value-shared, markdown-it-py, jaraco.functools, jaraco.context, jaraco.classes, importlib_metadata, httpcore, fakeredis, exceptiongroup, email-validator, cffi, anyio, starlette, rich, pydantic, py-key-value-aio, opentelemetry-api, jsonschema-specifications, jsonschema-path, httpx, cryptography, typer, sse-starlette, SecretStorage, rich-rst, pydantic-settings, opentelemetry-semantic-conventions, openapi-pydantic, jsonschema, authlib, opentelemetry-sdk, opentelemetry-instrumentation, mcp, keyring, cyclopts, opentelemetry-exporter-prometheus, pydocket, fastmcp, icogen-mcp
2026-01-15T07:24:11.8355823Z 
2026-01-15T07:24:11.8401638Z Successfully installed Pillow-12.1.0 PyYAML-6.0.3 SecretStorage-3.5.0 annotated-types-0.7.0 anyio-4.12.1 attrs-25.4.0 authlib-1.6.6 backports.tarfile-1.2.0 beartype-0.22.9 cachetools-6.2.4 certifi-2026.1.4 cffi-2.0.0 charset_normalizer-3.4.4 click-8.3.1 cloudpickle-3.1.2 cryptography-46.0.3 cyclopts-4.4.6 diskcache-5.6.3 dnspython-2.8.0 docstring-parser-0.17.0 docutils-0.22.4 email-validator-2.3.0 exceptiongroup-1.3.1 fakeredis-2.33.0 fastmcp-2.14.3 h11-0.16.0 httpcore-1.0.9 httpx-0.28.1 httpx-sse-0.4.3 icogen-mcp-0.1.0 idna-3.11 importlib_metadata-8.7.1 jaraco.classes-3.4.0 jaraco.context-6.1.0 jaraco.functools-4.4.0 jeepney-0.9.0 jsonschema-4.26.0 jsonschema-path-0.3.4 jsonschema-specifications-2025.9.1 keyring-25.7.0 lupa-2.6 markdown-it-py-4.0.0 mcp-1.25.0 mdurl-0.1.2 more-itertools-10.8.0 openapi-pydantic-0.5.1 opentelemetry-api-1.39.1 opentelemetry-exporter-prometheus-0.60b1 opentelemetry-instrumentation-0.60b1 opentelemetry-sdk-1.39.1 opentelemetry-semantic-conventions-0.60b1 packaging-25.0 pathable-0.4.4 pathvalidate-3.3.1 platformdirs-4.5.1 prometheus-client-0.24.1 py-key-value-aio-0.3.0 py-key-value-shared-0.3.0 pycparser-2.23 pydantic-2.12.5 pydantic-core-2.41.5 pydantic-settings-2.12.0 pydocket-0.16.6 pygments-2.19.2 pyjwt-2.10.1 pyperclip-1.11.0 python-dotenv-1.2.1 python-json-logger-4.0.0 python-multipart-0.0.21 redis-7.1.0 referencing-0.36.2 requests-2.32.5 rich-14.2.0 rich-rst-1.3.2 rpds-py-0.30.0 shellingham-1.5.4 sortedcontainers-2.4.0 sse-starlette-3.1.2 starlette-0.51.0 typer-0.21.1 typing-extensions-4.15.0 typing-inspection-0.4.2 urllib3-2.6.3 uvicorn-0.40.0 websockets-16.0 wrapt-1.17.3 zipp-3.23.0
2026-01-15T07:24:12.7893242Z Collecting pytest
2026-01-15T07:24:12.8582581Z   Downloading pytest-9.0.2-py3-none-any.whl.metadata (7.6 kB)
2026-01-15T07:24:12.9343540Z Collecting black
2026-01-15T07:24:12.9439321Z   Downloading black-25.12.0-cp311-cp311-manylinux2014_x86_64.manylinux_2_17_x86_64.manylinux_2_28_x86_64.whl.metadata (86 kB)
2026-01-15T07:24:13.0000751Z Collecting flake8
2026-01-15T07:24:13.0078999Z   Downloading flake8-7.3.0-py2.py3-none-any.whl.metadata (3.8 kB)
2026-01-15T07:24:13.0238322Z Collecting iniconfig>=1.0.1 (from pytest)
2026-01-15T07:24:13.0312866Z   Downloading iniconfig-2.3.0-py3-none-any.whl.metadata (2.5 kB)
2026-01-15T07:24:13.0348942Z Requirement already satisfied: packaging>=22 in /opt/hostedtoolcache/Python/3.11.14/x64/lib/python3.11/site-packages (from pytest) (25.0)
2026-01-15T07:24:13.0483571Z Collecting pluggy<2,>=1.5 (from pytest)
2026-01-15T07:24:13.0558666Z   Downloading pluggy-1.6.0-py3-none-any.whl.metadata (4.8 kB)
2026-01-15T07:24:13.0606134Z Requirement already satisfied: pygments>=2.7.2 in /opt/hostedtoolcache/Python/3.11.14/x64/lib/python3.11/site-packages (from pytest) (2.19.2)
2026-01-15T07:24:13.0620049Z Requirement already satisfied: click>=8.0.0 in /opt/hostedtoolcache/Python/3.11.14/x64/lib/python3.11/site-packages (from black) (8.3.1)
2026-01-15T07:24:13.0736489Z Collecting mypy-extensions>=0.4.3 (from black)
2026-01-15T07:24:13.0809873Z   Downloading mypy_extensions-1.1.0-py3-none-any.whl.metadata (1.1 kB)
2026-01-15T07:24:13.1000049Z Collecting pathspec>=0.9.0 (from black)
2026-01-15T07:24:13.1070992Z   Downloading pathspec-1.0.3-py3-none-any.whl.metadata (13 kB)
2026-01-15T07:24:13.1124641Z Requirement already satisfied: platformdirs>=2 in /opt/hostedtoolcache/Python/3.11.14/x64/lib/python3.11/site-packages (from black) (4.5.1)
2026-01-15T07:24:13.1242870Z Collecting pytokens>=0.3.0 (from black)
2026-01-15T07:24:13.1318886Z   Downloading pytokens-0.3.0-py3-none-any.whl.metadata (2.0 kB)
2026-01-15T07:24:13.1473172Z Collecting mccabe<0.8.0,>=0.7.0 (from flake8)
2026-01-15T07:24:13.1549149Z   Downloading mccabe-0.7.0-py2.py3-none-any.whl.metadata (5.0 kB)
2026-01-15T07:24:13.1811678Z Collecting pycodestyle<2.15.0,>=2.14.0 (from flake8)
2026-01-15T07:24:13.1884102Z   Downloading pycodestyle-2.14.0-py2.py3-none-any.whl.metadata (4.5 kB)
2026-01-15T07:24:13.2068905Z Collecting pyflakes<3.5.0,>=3.4.0 (from flake8)
2026-01-15T07:24:13.2143737Z   Downloading pyflakes-3.4.0-py2.py3-none-any.whl.metadata (3.5 kB)
2026-01-15T07:24:13.2316668Z Downloading pytest-9.0.2-py3-none-any.whl (374 kB)
2026-01-15T07:24:13.2810691Z Downloading pluggy-1.6.0-py3-none-any.whl (20 kB)
2026-01-15T07:24:13.2909347Z Downloading black-25.12.0-cp311-cp311-manylinux2014_x86_64.manylinux_2_17_x86_64.manylinux_2_28_x86_64.whl (1.8 MB)
2026-01-15T07:24:13.4056840Z    ‚îÅ‚îÅ‚îÅ‚îÅ‚îÅ‚îÅ‚îÅ‚îÅ‚îÅ‚îÅ‚îÅ‚îÅ‚îÅ‚îÅ‚îÅ‚îÅ‚îÅ‚îÅ‚îÅ‚îÅ‚îÅ‚îÅ‚îÅ‚îÅ‚îÅ‚îÅ‚îÅ‚îÅ‚îÅ‚îÅ‚îÅ‚îÅ‚îÅ‚îÅ‚îÅ‚îÅ‚îÅ‚îÅ‚îÅ‚îÅ 1.8/1.8 MB 16.6 MB/s  0:00:00
2026-01-15T07:24:13.4133997Z Downloading flake8-7.3.0-py2.py3-none-any.whl (57 kB)
2026-01-15T07:24:13.4230437Z Downloading mccabe-0.7.0-py2.py3-none-any.whl (7.3 kB)
2026-01-15T07:24:13.4326720Z Downloading pycodestyle-2.14.0-py2.py3-none-any.whl (31 kB)
2026-01-15T07:24:13.4471598Z Downloading pyflakes-3.4.0-py2.py3-none-any.whl (63 kB)
2026-01-15T07:24:13.4583663Z Downloading iniconfig-2.3.0-py3-none-any.whl (7.5 kB)
2026-01-15T07:24:13.4675804Z Downloading mypy_extensions-1.1.0-py3-none-any.whl (5.0 kB)
2026-01-15T07:24:13.4766191Z Downloading pathspec-1.0.3-py3-none-any.whl (55 kB)
2026-01-15T07:24:13.4871503Z Downloading pytokens-0.3.0-py3-none-any.whl (12 kB)
2026-01-15T07:24:13.6047412Z Installing collected packages: pytokens, pyflakes, pycodestyle, pluggy, pathspec, mypy-extensions, mccabe, iniconfig, pytest, flake8, black
2026-01-15T07:24:14.1509341Z 
2026-01-15T07:24:14.1550735Z Successfully installed black-25.12.0 flake8-7.3.0 iniconfig-2.3.0 mccabe-0.7.0 mypy-extensions-1.1.0 pathspec-1.0.3 pluggy-1.6.0 pycodestyle-2.14.0 pyflakes-3.4.0 pytest-9.0.2 pytokens-0.3.0
2026-01-15T07:24:14.2176054Z ##[group]Run flake8 src/icogen_mcp/ --count --select=E9,F63,F7,F82 --show-source --statistics
2026-01-15T07:24:14.2177002Z [36;1mflake8 src/icogen_mcp/ --count --select=E9,F63,F7,F82 --show-source --statistics[0m
2026-01-15T07:24:14.2177628Z [36;1mflake8 src/icogen_mcp/ --count --exit-zero --max-complexity=10 --max-line-length=127 --statistics[0m
2026-01-15T07:24:14.2211321Z shell: /usr/bin/bash -e {0}
2026-01-15T07:24:14.2211562Z env:
2026-01-15T07:24:14.2211794Z   pythonLocation: /opt/hostedtoolcache/Python/3.11.14/x64
2026-01-15T07:24:14.2212204Z   PKG_CONFIG_PATH: /opt/hostedtoolcache/Python/3.11.14/x64/lib/pkgconfig
2026-01-15T07:24:14.2212604Z   Python_ROOT_DIR: /opt/hostedtoolcache/Python/3.11.14/x64
2026-01-15T07:24:14.2212959Z   Python2_ROOT_DIR: /opt/hostedtoolcache/Python/3.11.14/x64
2026-01-15T07:24:14.2213314Z   Python3_ROOT_DIR: /opt/hostedtoolcache/Python/3.11.14/x64
2026-01-15T07:24:14.2213660Z   LD_LIBRARY_PATH: /opt/hostedtoolcache/Python/3.11.14/x64/lib
2026-01-15T07:24:14.2213984Z ##[endgroup]
2026-01-15T07:24:14.6757935Z 0
2026-01-15T07:24:14.8220387Z src/icogen_mcp/__init__.py:1:21: W292 no newline at end of file
2026-01-15T07:24:14.8221099Z src/icogen_mcp/__main__.py:2:1: F401 'sys' imported but unused
2026-01-15T07:24:14.8221826Z src/icogen_mcp/__main__.py:16:5: F841 local variable 'args' is assigned to but never used
2026-01-15T07:24:14.8222339Z src/icogen_mcp/__main__.py:17:1: W293 blank line contains whitespace
2026-01-15T07:24:14.8222766Z src/icogen_mcp/__main__.py:21:1: W293 blank line contains whitespace
2026-01-15T07:24:14.8223164Z src/icogen_mcp/__main__.py:27:11: W292 no newline at end of file
2026-01-15T07:24:14.8223570Z src/icogen_mcp/server.py:3:1: F401 'typing.Tuple' imported but unused
2026-01-15T07:24:14.8224019Z src/icogen_mcp/server.py:3:1: F401 'typing.Union' imported but unused
2026-01-15T07:24:14.8224424Z src/icogen_mcp/server.py:3:29: E231 missing whitespace after ','
2026-01-15T07:24:14.8224802Z src/icogen_mcp/server.py:5:1: F401 'io' imported but unused
2026-01-15T07:24:14.8225205Z src/icogen_mcp/server.py:7:1: F401 'pydantic.BaseModel' imported but unused
2026-01-15T07:24:14.8225651Z src/icogen_mcp/server.py:7:1: F401 'pydantic.validator' imported but unused
2026-01-15T07:24:14.8226085Z src/icogen_mcp/server.py:9:10: E222 multiple spaces after operator
2026-01-15T07:24:14.8226710Z src/icogen_mcp/server.py:10:13: W291 trailing whitespace
2026-01-15T07:24:14.8227086Z src/icogen_mcp/server.py:18:10: E222 multiple spaces after operator
2026-01-15T07:24:14.8227856Z src/icogen_mcp/server.py:19:23: W291 trailing whitespace
2026-01-15T07:24:14.8228189Z src/icogen_mcp/server.py:28:35: W291 trailing whitespace
2026-01-15T07:24:14.8228533Z src/icogen_mcp/server.py:52:1: E303 too many blank lines (3)
2026-01-15T07:24:14.8228912Z src/icogen_mcp/server.py:71:32: E231 missing whitespace after ':'
2026-01-15T07:24:14.8229313Z src/icogen_mcp/server.py:88:1: W293 blank line contains whitespace
2026-01-15T07:24:14.8229716Z src/icogen_mcp/server.py:91:1: W293 blank line contains whitespace
2026-01-15T07:24:14.8230115Z src/icogen_mcp/service.py:5:1: E302 expected 2 blank lines, found 1
2026-01-15T07:24:14.8230515Z src/icogen_mcp/service.py:14:5: E301 expected 1 blank line, found 0
2026-01-15T07:24:14.8230936Z src/icogen_mcp/service.py:14:128: E501 line too long (141 > 127 characters)
2026-01-15T07:24:14.8231356Z src/icogen_mcp/service.py:56:41: W292 no newline at end of file
2026-01-15T07:24:14.8231682Z 2     E222 multiple spaces after operator
2026-01-15T07:24:14.8231957Z 2     E231 missing whitespace after ','
2026-01-15T07:24:14.8232208Z 1     E301 expected 1 blank line, found 0
2026-01-15T07:24:14.8232451Z 1     E302 expected 2 blank lines, found 1
2026-01-15T07:24:14.8232699Z 1     E303 too many blank lines (3)
2026-01-15T07:24:14.8232940Z 1     E501 line too long (141 > 127 characters)
2026-01-15T07:24:14.8233199Z 6     F401 'sys' imported but unused
2026-01-15T07:24:14.8233508Z 1     F841 local variable 'args' is assigned to but never used
2026-01-15T07:24:14.8234114Z 3     W291 trailing whitespace
2026-01-15T07:24:14.8234336Z 3     W292 no newline at end of file
2026-01-15T07:24:14.8234571Z 4     W293 blank line contains whitespace
2026-01-15T07:24:14.8234802Z 25
2026-01-15T07:24:14.8421373Z ##[group]Run black --check src/icogen_mcp/
2026-01-15T07:24:14.8421716Z [36;1mblack --check src/icogen_mcp/[0m
2026-01-15T07:24:14.8454987Z shell: /usr/bin/bash -e {0}
2026-01-15T07:24:14.8455209Z env:
2026-01-15T07:24:14.8455469Z   pythonLocation: /opt/hostedtoolcache/Python/3.11.14/x64
2026-01-15T07:24:14.8455871Z   PKG_CONFIG_PATH: /opt/hostedtoolcache/Python/3.11.14/x64/lib/pkgconfig
2026-01-15T07:24:14.8456480Z   Python_ROOT_DIR: /opt/hostedtoolcache/Python/3.11.14/x64
2026-01-15T07:24:14.8456859Z   Python2_ROOT_DIR: /opt/hostedtoolcache/Python/3.11.14/x64
2026-01-15T07:24:14.8457222Z   Python3_ROOT_DIR: /opt/hostedtoolcache/Python/3.11.14/x64
2026-01-15T07:24:14.8457585Z   LD_LIBRARY_PATH: /opt/hostedtoolcache/Python/3.11.14/x64/lib
2026-01-15T07:24:14.8457878Z ##[endgroup]
2026-01-15T07:24:15.1067944Z would reformat /home/runner/work/icongen-mcp/icongen-mcp/src/icogen_mcp/__init__.py
2026-01-15T07:24:15.1221459Z would reformat /home/runner/work/icongen-mcp/icongen-mcp/src/icogen_mcp/__main__.py
2026-01-15T07:24:15.1411732Z would reformat /home/runner/work/icongen-mcp/icongen-mcp/src/icogen_mcp/service.py
2026-01-15T07:24:15.1869032Z would reformat /home/runner/work/icongen-mcp/icongen-mcp/src/icogen_mcp/server.py
2026-01-15T07:24:15.1918448Z 
2026-01-15T07:24:15.1919056Z Oh no! üí• üíî üí•
2026-01-15T07:24:15.1921503Z 4 files would be reformatted.
2026-01-15T07:24:15.2157664Z ##[error]Process completed with exit code 1.
2026-01-15T07:24:15.2267023Z Post job cleanup.
2026-01-15T07:24:15.3221637Z [command]/usr/bin/git version
2026-01-15T07:24:15.3258695Z git version 2.52.0
2026-01-15T07:24:15.3303640Z Temporarily overriding HOME='/home/runner/work/_temp/81977d62-eb70-4a71-906b-fc032c4e33ec' before making global git config changes
2026-01-15T07:24:15.3305000Z Adding repository directory to the temporary git global config as a safe directory
2026-01-15T07:24:15.3310399Z [command]/usr/bin/git config --global --add safe.directory /home/runner/work/icongen-mcp/icongen-mcp
2026-01-15T07:24:15.3349195Z [command]/usr/bin/git config --local --name-only --get-regexp core\.sshCommand
2026-01-15T07:24:15.3383491Z [command]/usr/bin/git submodule foreach --recursive sh -c "git config --local --name-only --get-regexp 'core\.sshCommand' && git config --local --unset-all 'core.sshCommand' || :"
2026-01-15T07:24:15.3657224Z [command]/usr/bin/git config --local --name-only --get-regexp http\.https\:\/\/github\.com\/\.extraheader
2026-01-15T07:24:15.3679502Z http.https://github.com/.extraheader
2026-01-15T07:24:15.3692234Z [command]/usr/bin/git config --local --unset-all http.https://github.com/.extraheader
2026-01-15T07:24:15.3723088Z [command]/usr/bin/git submodule foreach --recursive sh -c "git config --local --name-only --get-regexp 'http\.https\:\/\/github\.com\/\.extraheader' && git config --local --unset-all 'http.https://github.com/.extraheader' || :"
2026-01-15T07:24:15.3953371Z [command]/usr/bin/git config --local --name-only --get-regexp ^includeIf\.gitdir:
2026-01-15T07:24:15.3989635Z [command]/usr/bin/git submodule foreach --recursive git config --local --show-origin --name-only --get-regexp remote.origin.url
2026-01-15T07:24:15.4351138Z Cleaning up orphan processes