2026-01-15T15:00:45.1439518Z Current runner version: '2.331.0'
2026-01-15T15:00:45.1465805Z ##[group]Runner Image Provisioner
2026-01-15T15:00:45.1466710Z Hosted Compute Agent
2026-01-15T15:00:45.1467306Z Version: 20251211.462
2026-01-15T15:00:45.1467923Z Commit: 6cbad8c2bb55d58165063d031ccabf57e2d2db61
2026-01-15T15:00:45.1468564Z Build Date: 2025-12-11T16:28:49Z
2026-01-15T15:00:45.1469236Z Worker ID: {5bdc2b2e-80ad-4845-aad8-765f34129953}
2026-01-15T15:00:45.1469943Z ##[endgroup]
2026-01-15T15:00:45.1470457Z ##[group]Operating System
2026-01-15T15:00:45.1470960Z Ubuntu
2026-01-15T15:00:45.1471501Z 24.04.3
2026-01-15T15:00:45.1471940Z LTS
2026-01-15T15:00:45.1472360Z ##[endgroup]
2026-01-15T15:00:45.1472961Z ##[group]Runner Image
2026-01-15T15:00:45.1473456Z Image: ubuntu-24.04
2026-01-15T15:00:45.1473934Z Version: 20260111.209.1
2026-01-15T15:00:45.1474940Z Included Software: https://github.com/actions/runner-images/blob/ubuntu24/20260111.209/images/ubuntu/Ubuntu2404-Readme.md
2026-01-15T15:00:45.1476605Z Image Release: https://github.com/actions/runner-images/releases/tag/ubuntu24%2F20260111.209
2026-01-15T15:00:45.1477656Z ##[endgroup]
2026-01-15T15:00:45.1478709Z ##[group]GITHUB_TOKEN Permissions
2026-01-15T15:00:45.1480650Z Contents: read
2026-01-15T15:00:45.1481166Z Metadata: read
2026-01-15T15:00:45.1481666Z Packages: read
2026-01-15T15:00:45.1482184Z ##[endgroup]
2026-01-15T15:00:45.1484530Z Secret source: Actions
2026-01-15T15:00:45.1485240Z Prepare workflow directory
2026-01-15T15:00:45.1837633Z Prepare all required actions
2026-01-15T15:00:45.1877237Z Getting action download info
2026-01-15T15:00:45.6199114Z Download action repository 'actions/checkout@v4' (SHA:34e114876b0b11c390a56381ad16ebd13914f8d5)
2026-01-15T15:00:45.7205809Z Download action repository 'actions/setup-python@v4' (SHA:7f4fc3e22c37d6ff65e88745f38bd3157c663f7c)
2026-01-15T15:00:45.8262370Z Download action repository 'actions/upload-artifact@v4' (SHA:ea165f8d65b6e75b540449e92b4886f43607fa02)
2026-01-15T15:00:46.0554369Z Complete job name: build (3.11)
2026-01-15T15:00:46.1181938Z ##[group]Run actions/checkout@v4
2026-01-15T15:00:46.1182761Z with:
2026-01-15T15:00:46.1183160Z   repository: fietiger/icongen-mcp
2026-01-15T15:00:46.1183841Z   token: ***
2026-01-15T15:00:46.1184221Z   ssh-strict: true
2026-01-15T15:00:46.1184597Z   ssh-user: git
2026-01-15T15:00:46.1184988Z   persist-credentials: true
2026-01-15T15:00:46.1185592Z   clean: true
2026-01-15T15:00:46.1185994Z   sparse-checkout-cone-mode: true
2026-01-15T15:00:46.1186479Z   fetch-depth: 1
2026-01-15T15:00:46.1186864Z   fetch-tags: false
2026-01-15T15:00:46.1187254Z   show-progress: true
2026-01-15T15:00:46.1187649Z   lfs: false
2026-01-15T15:00:46.1188013Z   submodules: false
2026-01-15T15:00:46.1188428Z   set-safe-directory: true
2026-01-15T15:00:46.1189102Z ##[endgroup]
2026-01-15T15:00:46.2300011Z Syncing repository: fietiger/icongen-mcp
2026-01-15T15:00:46.2301875Z ##[group]Getting Git version info
2026-01-15T15:00:46.2302599Z Working directory is '/home/runner/work/icongen-mcp/icongen-mcp'
2026-01-15T15:00:46.2303626Z [command]/usr/bin/git version
2026-01-15T15:00:46.2402079Z git version 2.52.0
2026-01-15T15:00:46.2445037Z ##[endgroup]
2026-01-15T15:00:46.2465828Z Temporarily overriding HOME='/home/runner/work/_temp/8f4d9e99-2c11-4acf-b93a-badd6a2fc55a' before making global git config changes
2026-01-15T15:00:46.2467514Z Adding repository directory to the temporary git global config as a safe directory
2026-01-15T15:00:46.2483786Z [command]/usr/bin/git config --global --add safe.directory /home/runner/work/icongen-mcp/icongen-mcp
2026-01-15T15:00:46.2532572Z Deleting the contents of '/home/runner/work/icongen-mcp/icongen-mcp'
2026-01-15T15:00:46.2537121Z ##[group]Initializing the repository
2026-01-15T15:00:46.2543548Z [command]/usr/bin/git init /home/runner/work/icongen-mcp/icongen-mcp
2026-01-15T15:00:46.2660325Z hint: Using 'master' as the name for the initial branch. This default branch name
2026-01-15T15:00:46.2662070Z hint: will change to "main" in Git 3.0. To configure the initial branch name
2026-01-15T15:00:46.2663827Z hint: to use in all of your new repositories, which will suppress this warning,
2026-01-15T15:00:46.2664713Z hint: call:
2026-01-15T15:00:46.2665062Z hint:
2026-01-15T15:00:46.2665773Z hint: 	git config --global init.defaultBranch <name>
2026-01-15T15:00:46.2666344Z hint:
2026-01-15T15:00:46.2666857Z hint: Names commonly chosen instead of 'master' are 'main', 'trunk' and
2026-01-15T15:00:46.2667712Z hint: 'development'. The just-created branch can be renamed via this command:
2026-01-15T15:00:46.2668368Z hint:
2026-01-15T15:00:46.2668759Z hint: 	git branch -m <name>
2026-01-15T15:00:46.2669270Z hint:
2026-01-15T15:00:46.2670205Z hint: Disable this message with "git config set advice.defaultBranchName false"
2026-01-15T15:00:46.2671221Z Initialized empty Git repository in /home/runner/work/icongen-mcp/icongen-mcp/.git/
2026-01-15T15:00:46.2676531Z [command]/usr/bin/git remote add origin https://github.com/fietiger/icongen-mcp
2026-01-15T15:00:46.2711333Z ##[endgroup]
2026-01-15T15:00:46.2712087Z ##[group]Disabling automatic garbage collection
2026-01-15T15:00:46.2715697Z [command]/usr/bin/git config --local gc.auto 0
2026-01-15T15:00:46.2745992Z ##[endgroup]
2026-01-15T15:00:46.2746653Z ##[group]Setting up auth
2026-01-15T15:00:46.2752992Z [command]/usr/bin/git config --local --name-only --get-regexp core\.sshCommand
2026-01-15T15:00:46.2783587Z [command]/usr/bin/git submodule foreach --recursive sh -c "git config --local --name-only --get-regexp 'core\.sshCommand' && git config --local --unset-all 'core.sshCommand' || :"
2026-01-15T15:00:46.3103285Z [command]/usr/bin/git config --local --name-only --get-regexp http\.https\:\/\/github\.com\/\.extraheader
2026-01-15T15:00:46.3135889Z [command]/usr/bin/git submodule foreach --recursive sh -c "git config --local --name-only --get-regexp 'http\.https\:\/\/github\.com\/\.extraheader' && git config --local --unset-all 'http.https://github.com/.extraheader' || :"
2026-01-15T15:00:46.3361581Z [command]/usr/bin/git config --local --name-only --get-regexp ^includeIf\.gitdir:
2026-01-15T15:00:46.3393044Z [command]/usr/bin/git submodule foreach --recursive git config --local --show-origin --name-only --get-regexp remote.origin.url
2026-01-15T15:00:46.3630915Z [command]/usr/bin/git config --local http.https://github.com/.extraheader AUTHORIZATION: basic ***
2026-01-15T15:00:46.3667228Z ##[endgroup]
2026-01-15T15:00:46.3667963Z ##[group]Fetching the repository
2026-01-15T15:00:46.3675783Z [command]/usr/bin/git -c protocol.version=2 fetch --no-tags --prune --no-recurse-submodules --depth=1 origin +b60de2652fd7d30f8afa9c3e2dd6a6913c620828:refs/remotes/origin/main
2026-01-15T15:00:46.7901743Z From https://github.com/fietiger/icongen-mcp
2026-01-15T15:00:46.7903482Z  * [new ref]         b60de2652fd7d30f8afa9c3e2dd6a6913c620828 -> origin/main
2026-01-15T15:00:46.7937305Z ##[endgroup]
2026-01-15T15:00:46.7938607Z ##[group]Determining the checkout info
2026-01-15T15:00:46.7940293Z ##[endgroup]
2026-01-15T15:00:46.7944700Z [command]/usr/bin/git sparse-checkout disable
2026-01-15T15:00:46.7988065Z [command]/usr/bin/git config --local --unset-all extensions.worktreeConfig
2026-01-15T15:00:46.8016295Z ##[group]Checking out the ref
2026-01-15T15:00:46.8020694Z [command]/usr/bin/git checkout --progress --force -B main refs/remotes/origin/main
2026-01-15T15:00:46.8083887Z Switched to a new branch 'main'
2026-01-15T15:00:46.8087260Z branch 'main' set up to track 'origin/main'.
2026-01-15T15:00:46.8094939Z ##[endgroup]
2026-01-15T15:00:46.8129667Z [command]/usr/bin/git log -1 --format=%H
2026-01-15T15:00:46.8151551Z b60de2652fd7d30f8afa9c3e2dd6a6913c620828
2026-01-15T15:00:46.8438001Z ##[group]Run actions/setup-python@v4
2026-01-15T15:00:46.8438770Z with:
2026-01-15T15:00:46.8439189Z   python-version: 3.11
2026-01-15T15:00:46.8439735Z   check-latest: false
2026-01-15T15:00:46.8440507Z   token: ***
2026-01-15T15:00:46.8440987Z   update-environment: true
2026-01-15T15:00:46.8441606Z   allow-prereleases: false
2026-01-15T15:00:46.8442181Z ##[endgroup]
2026-01-15T15:00:47.0148274Z ##[group]Installed versions
2026-01-15T15:00:47.0256187Z Successfully set up CPython (3.11.14)
2026-01-15T15:00:47.0258510Z ##[endgroup]
2026-01-15T15:00:47.0404573Z ##[group]Run python -m pip install --upgrade pip
2026-01-15T15:00:47.0406339Z [36;1mpython -m pip install --upgrade pip[0m
2026-01-15T15:00:47.0407598Z [36;1mpip install build twine[0m
2026-01-15T15:00:47.0482180Z shell: /usr/bin/bash -e {0}
2026-01-15T15:00:47.0483181Z env:
2026-01-15T15:00:47.0484213Z   pythonLocation: /opt/hostedtoolcache/Python/3.11.14/x64
2026-01-15T15:00:47.0486198Z   PKG_CONFIG_PATH: /opt/hostedtoolcache/Python/3.11.14/x64/lib/pkgconfig
2026-01-15T15:00:47.0488027Z   Python_ROOT_DIR: /opt/hostedtoolcache/Python/3.11.14/x64
2026-01-15T15:00:47.0489628Z   Python2_ROOT_DIR: /opt/hostedtoolcache/Python/3.11.14/x64
2026-01-15T15:00:47.0491252Z   Python3_ROOT_DIR: /opt/hostedtoolcache/Python/3.11.14/x64
2026-01-15T15:00:47.0492856Z   LD_LIBRARY_PATH: /opt/hostedtoolcache/Python/3.11.14/x64/lib
2026-01-15T15:00:47.0494200Z ##[endgroup]
2026-01-15T15:00:48.8394858Z Requirement already satisfied: pip in /opt/hostedtoolcache/Python/3.11.14/x64/lib/python3.11/site-packages (25.3)
2026-01-15T15:00:49.6280056Z Collecting build
2026-01-15T15:00:49.7383623Z   Downloading build-1.4.0-py3-none-any.whl.metadata (5.8 kB)
2026-01-15T15:00:49.7840243Z Collecting twine
2026-01-15T15:00:49.8034335Z   Downloading twine-6.2.0-py3-none-any.whl.metadata (3.6 kB)
2026-01-15T15:00:49.8427622Z Collecting packaging>=24.0 (from build)
2026-01-15T15:00:49.8624852Z   Downloading packaging-25.0-py3-none-any.whl.metadata (3.3 kB)
2026-01-15T15:00:49.8894367Z Collecting pyproject_hooks (from build)
2026-01-15T15:00:49.9090367Z   Downloading pyproject_hooks-1.2.0-py3-none-any.whl.metadata (1.3 kB)
2026-01-15T15:00:49.9428278Z Collecting readme-renderer>=35.0 (from twine)
2026-01-15T15:00:49.9618447Z   Downloading readme_renderer-44.0-py3-none-any.whl.metadata (2.8 kB)
2026-01-15T15:00:50.0100619Z Collecting requests>=2.20 (from twine)
2026-01-15T15:00:50.0301169Z   Downloading requests-2.32.5-py3-none-any.whl.metadata (4.9 kB)
2026-01-15T15:00:50.0651079Z Collecting requests-toolbelt!=0.9.0,>=0.8.0 (from twine)
2026-01-15T15:00:50.0844273Z   Downloading requests_toolbelt-1.0.0-py2.py3-none-any.whl.metadata (14 kB)
2026-01-15T15:00:50.1332499Z Collecting urllib3>=1.26.0 (from twine)
2026-01-15T15:00:50.1524735Z   Downloading urllib3-2.6.3-py3-none-any.whl.metadata (6.9 kB)
2026-01-15T15:00:50.2210946Z Collecting keyring>=21.2.0 (from twine)
2026-01-15T15:00:50.2419267Z   Downloading keyring-25.7.0-py3-none-any.whl.metadata (21 kB)
2026-01-15T15:00:50.2771915Z Collecting rfc3986>=1.4.0 (from twine)
2026-01-15T15:00:50.2964078Z   Downloading rfc3986-2.0.0-py2.py3-none-any.whl.metadata (6.6 kB)
2026-01-15T15:00:50.3542282Z Collecting rich>=12.0.0 (from twine)
2026-01-15T15:00:50.3733537Z   Downloading rich-14.2.0-py3-none-any.whl.metadata (18 kB)
2026-01-15T15:00:50.4044543Z Collecting id (from twine)
2026-01-15T15:00:50.4236541Z   Downloading id-1.5.0-py3-none-any.whl.metadata (5.2 kB)
2026-01-15T15:00:50.4573344Z Collecting SecretStorage>=3.2 (from keyring>=21.2.0->twine)
2026-01-15T15:00:50.4769802Z   Downloading secretstorage-3.5.0-py3-none-any.whl.metadata (4.0 kB)
2026-01-15T15:00:50.5052262Z Collecting jeepney>=0.4.2 (from keyring>=21.2.0->twine)
2026-01-15T15:00:50.5241522Z   Downloading jeepney-0.9.0-py3-none-any.whl.metadata (1.2 kB)
2026-01-15T15:00:50.5711489Z Collecting importlib_metadata>=4.11.4 (from keyring>=21.2.0->twine)
2026-01-15T15:00:50.5917714Z   Downloading importlib_metadata-8.7.1-py3-none-any.whl.metadata (4.7 kB)
2026-01-15T15:00:50.6216765Z Collecting jaraco.classes (from keyring>=21.2.0->twine)
2026-01-15T15:00:50.6407975Z   Downloading jaraco.classes-3.4.0-py3-none-any.whl.metadata (2.6 kB)
2026-01-15T15:00:50.6782429Z Collecting jaraco.functools (from keyring>=21.2.0->twine)
2026-01-15T15:00:50.6973232Z   Downloading jaraco_functools-4.4.0-py3-none-any.whl.metadata (3.0 kB)
2026-01-15T15:00:50.7274138Z Collecting jaraco.context (from keyring>=21.2.0->twine)
2026-01-15T15:00:50.7463872Z   Downloading jaraco_context-6.1.0-py3-none-any.whl.metadata (4.3 kB)
2026-01-15T15:00:50.7820147Z Collecting zipp>=3.20 (from importlib_metadata>=4.11.4->keyring>=21.2.0->twine)
2026-01-15T15:00:50.8009961Z   Downloading zipp-3.23.0-py3-none-any.whl.metadata (3.6 kB)
2026-01-15T15:00:50.8578806Z Collecting nh3>=0.2.14 (from readme-renderer>=35.0->twine)
2026-01-15T15:00:50.8771254Z   Downloading nh3-0.3.2-cp38-abi3-manylinux_2_17_x86_64.manylinux2014_x86_64.whl.metadata (2.0 kB)
2026-01-15T15:00:50.9089146Z Collecting docutils>=0.21.2 (from readme-renderer>=35.0->twine)
2026-01-15T15:00:50.9279280Z   Downloading docutils-0.22.4-py3-none-any.whl.metadata (15 kB)
2026-01-15T15:00:50.9684152Z Collecting Pygments>=2.5.1 (from readme-renderer>=35.0->twine)
2026-01-15T15:00:50.9877513Z   Downloading pygments-2.19.2-py3-none-any.whl.metadata (2.5 kB)
2026-01-15T15:00:51.1027868Z Collecting charset_normalizer<4,>=2 (from requests>=2.20->twine)
2026-01-15T15:00:51.1222038Z   Downloading charset_normalizer-3.4.4-cp311-cp311-manylinux2014_x86_64.manylinux_2_17_x86_64.manylinux_2_28_x86_64.whl.metadata (37 kB)
2026-01-15T15:00:51.1640035Z Collecting idna<4,>=2.5 (from requests>=2.20->twine)
2026-01-15T15:00:51.1839097Z   Downloading idna-3.11-py3-none-any.whl.metadata (8.4 kB)
2026-01-15T15:00:51.2302767Z Collecting certifi>=2017.4.17 (from requests>=2.20->twine)
2026-01-15T15:00:51.2494440Z   Downloading certifi-2026.1.4-py3-none-any.whl.metadata (2.5 kB)
2026-01-15T15:00:51.2940839Z Collecting markdown-it-py>=2.2.0 (from rich>=12.0.0->twine)
2026-01-15T15:00:51.3131753Z   Downloading markdown_it_py-4.0.0-py3-none-any.whl.metadata (7.3 kB)
2026-01-15T15:00:51.3485088Z Collecting mdurl~=0.1 (from markdown-it-py>=2.2.0->rich>=12.0.0->twine)
2026-01-15T15:00:51.3680846Z   Downloading mdurl-0.1.2-py3-none-any.whl.metadata (1.6 kB)
2026-01-15T15:00:51.5831200Z Collecting cryptography>=2.0 (from SecretStorage>=3.2->keyring>=21.2.0->twine)
2026-01-15T15:00:51.6026359Z   Downloading cryptography-46.0.3-cp311-abi3-manylinux_2_34_x86_64.whl.metadata (5.7 kB)
2026-01-15T15:00:51.7435601Z Collecting cffi>=2.0.0 (from cryptography>=2.0->SecretStorage>=3.2->keyring>=21.2.0->twine)
2026-01-15T15:00:51.7631162Z   Downloading cffi-2.0.0-cp311-cp311-manylinux2014_x86_64.manylinux_2_17_x86_64.whl.metadata (2.6 kB)
2026-01-15T15:00:51.7909614Z Collecting pycparser (from cffi>=2.0.0->cryptography>=2.0->SecretStorage>=3.2->keyring>=21.2.0->twine)
2026-01-15T15:00:51.8102227Z   Downloading pycparser-2.23-py3-none-any.whl.metadata (993 bytes)
2026-01-15T15:00:51.8455658Z Collecting more-itertools (from jaraco.classes->keyring>=21.2.0->twine)
2026-01-15T15:00:51.8651293Z   Downloading more_itertools-10.8.0-py3-none-any.whl.metadata (39 kB)
2026-01-15T15:00:51.9000478Z Collecting backports.tarfile (from jaraco.context->keyring>=21.2.0->twine)
2026-01-15T15:00:51.9195620Z   Downloading backports.tarfile-1.2.0-py3-none-any.whl.metadata (2.0 kB)
2026-01-15T15:00:51.9475281Z Downloading build-1.4.0-py3-none-any.whl (24 kB)
2026-01-15T15:00:51.9711259Z Downloading twine-6.2.0-py3-none-any.whl (42 kB)
2026-01-15T15:00:51.9957840Z Downloading keyring-25.7.0-py3-none-any.whl (39 kB)
2026-01-15T15:00:52.0194101Z Downloading importlib_metadata-8.7.1-py3-none-any.whl (27 kB)
2026-01-15T15:00:52.0413762Z Downloading jeepney-0.9.0-py3-none-any.whl (49 kB)
2026-01-15T15:00:52.0660423Z Downloading packaging-25.0-py3-none-any.whl (66 kB)
2026-01-15T15:00:52.0913033Z Downloading readme_renderer-44.0-py3-none-any.whl (13 kB)
2026-01-15T15:00:52.1146142Z Downloading docutils-0.22.4-py3-none-any.whl (633 kB)
2026-01-15T15:00:52.1587932Z    â”â”â”â”â”â”â”â”â”â”â”â”â”â”â”â”â”â”â”â”â”â”â”â”â”â”â”â”â”â”â”â”â”â”â”â”â”â”â”â” 633.2/633.2 kB 18.3 MB/s  0:00:00
2026-01-15T15:00:52.1782717Z Downloading nh3-0.3.2-cp38-abi3-manylinux_2_17_x86_64.manylinux2014_x86_64.whl (797 kB)
2026-01-15T15:00:52.1997611Z    â”â”â”â”â”â”â”â”â”â”â”â”â”â”â”â”â”â”â”â”â”â”â”â”â”â”â”â”â”â”â”â”â”â”â”â”â”â”â”â” 797.2/797.2 kB 30.3 MB/s  0:00:00
2026-01-15T15:00:52.2192175Z Downloading pygments-2.19.2-py3-none-any.whl (1.2 MB)
2026-01-15T15:00:52.2296497Z    â”â”â”â”â”â”â”â”â”â”â”â”â”â”â”â”â”â”â”â”â”â”â”â”â”â”â”â”â”â”â”â”â”â”â”â”â”â”â”â” 1.2/1.2 MB 126.9 MB/s  0:00:00
2026-01-15T15:00:52.2492280Z Downloading requests-2.32.5-py3-none-any.whl (64 kB)
2026-01-15T15:00:52.2721458Z Downloading charset_normalizer-3.4.4-cp311-cp311-manylinux2014_x86_64.manylinux_2_17_x86_64.manylinux_2_28_x86_64.whl (151 kB)
2026-01-15T15:00:52.2941995Z Downloading idna-3.11-py3-none-any.whl (71 kB)
2026-01-15T15:00:52.3167904Z Downloading urllib3-2.6.3-py3-none-any.whl (131 kB)
2026-01-15T15:00:52.3389087Z Downloading certifi-2026.1.4-py3-none-any.whl (152 kB)
2026-01-15T15:00:52.3611271Z Downloading requests_toolbelt-1.0.0-py2.py3-none-any.whl (54 kB)
2026-01-15T15:00:52.3821299Z Downloading rfc3986-2.0.0-py2.py3-none-any.whl (31 kB)
2026-01-15T15:00:52.4039708Z Downloading rich-14.2.0-py3-none-any.whl (243 kB)
2026-01-15T15:00:52.4272557Z Downloading markdown_it_py-4.0.0-py3-none-any.whl (87 kB)
2026-01-15T15:00:52.4488071Z Downloading mdurl-0.1.2-py3-none-any.whl (10.0 kB)
2026-01-15T15:00:52.4704964Z Downloading secretstorage-3.5.0-py3-none-any.whl (15 kB)
2026-01-15T15:00:52.4915977Z Downloading cryptography-46.0.3-cp311-abi3-manylinux_2_34_x86_64.whl (4.5 MB)
2026-01-15T15:00:52.5256753Z    â”â”â”â”â”â”â”â”â”â”â”â”â”â”â”â”â”â”â”â”â”â”â”â”â”â”â”â”â”â”â”â”â”â”â”â”â”â”â”â” 4.5/4.5 MB 135.0 MB/s  0:00:00
2026-01-15T15:00:52.5450960Z Downloading cffi-2.0.0-cp311-cp311-manylinux2014_x86_64.manylinux_2_17_x86_64.whl (215 kB)
2026-01-15T15:00:52.5672167Z Downloading zipp-3.23.0-py3-none-any.whl (10 kB)
2026-01-15T15:00:52.5881876Z Downloading id-1.5.0-py3-none-any.whl (13 kB)
2026-01-15T15:00:52.6097919Z Downloading jaraco.classes-3.4.0-py3-none-any.whl (6.8 kB)
2026-01-15T15:00:52.6310550Z Downloading jaraco_context-6.1.0-py3-none-any.whl (7.1 kB)
2026-01-15T15:00:52.6523941Z Downloading backports.tarfile-1.2.0-py3-none-any.whl (30 kB)
2026-01-15T15:00:52.6736320Z Downloading jaraco_functools-4.4.0-py3-none-any.whl (10 kB)
2026-01-15T15:00:52.6957362Z Downloading more_itertools-10.8.0-py3-none-any.whl (69 kB)
2026-01-15T15:00:52.7172165Z Downloading pycparser-2.23-py3-none-any.whl (118 kB)
2026-01-15T15:00:52.7388605Z Downloading pyproject_hooks-1.2.0-py3-none-any.whl (10 kB)
2026-01-15T15:00:52.8164195Z Installing collected packages: zipp, urllib3, rfc3986, pyproject_hooks, Pygments, pycparser, packaging, nh3, more-itertools, mdurl, jeepney, idna, docutils, charset_normalizer, certifi, backports.tarfile, requests, readme-renderer, markdown-it-py, jaraco.functools, jaraco.context, jaraco.classes, importlib_metadata, cffi, build, rich, requests-toolbelt, id, cryptography, SecretStorage, keyring, twine
2026-01-15T15:00:54.8025717Z 
2026-01-15T15:00:54.8047701Z Successfully installed Pygments-2.19.2 SecretStorage-3.5.0 backports.tarfile-1.2.0 build-1.4.0 certifi-2026.1.4 cffi-2.0.0 charset_normalizer-3.4.4 cryptography-46.0.3 docutils-0.22.4 id-1.5.0 idna-3.11 importlib_metadata-8.7.1 jaraco.classes-3.4.0 jaraco.context-6.1.0 jaraco.functools-4.4.0 jeepney-0.9.0 keyring-25.7.0 markdown-it-py-4.0.0 mdurl-0.1.2 more-itertools-10.8.0 nh3-0.3.2 packaging-25.0 pycparser-2.23 pyproject_hooks-1.2.0 readme-renderer-44.0 requests-2.32.5 requests-toolbelt-1.0.0 rfc3986-2.0.0 rich-14.2.0 twine-6.2.0 urllib3-2.6.3 zipp-3.23.0
2026-01-15T15:00:54.9053230Z ##[group]Run python -m build
2026-01-15T15:00:54.9053532Z [36;1mpython -m build[0m
2026-01-15T15:00:54.9053748Z [36;1mls -la dist/[0m
2026-01-15T15:00:54.9087260Z shell: /usr/bin/bash -e {0}
2026-01-15T15:00:54.9087493Z env:
2026-01-15T15:00:54.9087735Z   pythonLocation: /opt/hostedtoolcache/Python/3.11.14/x64
2026-01-15T15:00:54.9088161Z   PKG_CONFIG_PATH: /opt/hostedtoolcache/Python/3.11.14/x64/lib/pkgconfig
2026-01-15T15:00:54.9088559Z   Python_ROOT_DIR: /opt/hostedtoolcache/Python/3.11.14/x64
2026-01-15T15:00:54.9088914Z   Python2_ROOT_DIR: /opt/hostedtoolcache/Python/3.11.14/x64
2026-01-15T15:00:54.9089260Z   Python3_ROOT_DIR: /opt/hostedtoolcache/Python/3.11.14/x64
2026-01-15T15:00:54.9089630Z   LD_LIBRARY_PATH: /opt/hostedtoolcache/Python/3.11.14/x64/lib
2026-01-15T15:00:54.9089920Z ##[endgroup]
2026-01-15T15:00:55.0028861Z * Creating isolated environment: venv+pip...
2026-01-15T15:00:55.0610398Z * Installing packages in isolated environment:
2026-01-15T15:00:55.0610938Z   - setuptools>=61.0
2026-01-15T15:00:55.0611238Z   - wheel
2026-01-15T15:00:56.2690786Z * Getting build dependencies for sdist...
2026-01-15T15:00:56.5581465Z * Building sdist...
2026-01-15T15:00:56.6642328Z Traceback (most recent call last):
2026-01-15T15:00:56.6651203Z   File "/opt/hostedtoolcache/Python/3.11.14/x64/lib/python3.11/site-packages/pyproject_hooks/_in_process/_in_process.py", line 389, in <module>
2026-01-15T15:00:56.6652215Z     main()
2026-01-15T15:00:56.6653135Z   File "/opt/hostedtoolcache/Python/3.11.14/x64/lib/python3.11/site-packages/pyproject_hooks/_in_process/_in_process.py", line 373, in main
2026-01-15T15:00:56.6654195Z     json_out["return_val"] = hook(**hook_input["kwargs"])
2026-01-15T15:00:56.6654669Z                              ^^^^^^^^^^^^^^^^^^^^^^^^^^^^
2026-01-15T15:00:56.6655918Z   File "/opt/hostedtoolcache/Python/3.11.14/x64/lib/python3.11/site-packages/pyproject_hooks/_in_process/_in_process.py", line 335, in build_sdist
2026-01-15T15:00:56.6657059Z     return backend.build_sdist(sdist_directory, config_settings)
2026-01-15T15:00:56.6657541Z            ^^^^^^^^^^^^^^^^^^^
2026-01-15T15:00:56.6658013Z AttributeError: module 'setuptools' has no attribute 'build_sdist'
2026-01-15T15:00:56.6965692Z ERROR Backend subprocess exited when trying to invoke build_sdist
2026-01-15T15:00:56.6966197Z 
2026-01-15T15:00:56.7115599Z ##[error]Process completed with exit code 1.
2026-01-15T15:00:56.7229893Z Post job cleanup.
2026-01-15T15:00:56.8162992Z [command]/usr/bin/git version
2026-01-15T15:00:56.8199166Z git version 2.52.0
2026-01-15T15:00:56.8243814Z Temporarily overriding HOME='/home/runner/work/_temp/c9b5dcf2-37eb-4936-8efc-e6e4b254192a' before making global git config changes
2026-01-15T15:00:56.8245195Z Adding repository directory to the temporary git global config as a safe directory
2026-01-15T15:00:56.8257673Z [command]/usr/bin/git config --global --add safe.directory /home/runner/work/icongen-mcp/icongen-mcp
2026-01-15T15:00:56.8292568Z [command]/usr/bin/git config --local --name-only --get-regexp core\.sshCommand
2026-01-15T15:00:56.8325572Z [command]/usr/bin/git submodule foreach --recursive sh -c "git config --local --name-only --get-regexp 'core\.sshCommand' && git config --local --unset-all 'core.sshCommand' || :"
2026-01-15T15:00:56.8554133Z [command]/usr/bin/git config --local --name-only --get-regexp http\.https\:\/\/github\.com\/\.extraheader
2026-01-15T15:00:56.8575928Z http.https://github.com/.extraheader
2026-01-15T15:00:56.8588182Z [command]/usr/bin/git config --local --unset-all http.https://github.com/.extraheader
2026-01-15T15:00:56.8618428Z [command]/usr/bin/git submodule foreach --recursive sh -c "git config --local --name-only --get-regexp 'http\.https\:\/\/github\.com\/\.extraheader' && git config --local --unset-all 'http.https://github.com/.extraheader' || :"
2026-01-15T15:00:56.8858987Z [command]/usr/bin/git config --local --name-only --get-regexp ^includeIf\.gitdir:
2026-01-15T15:00:56.8893137Z [command]/usr/bin/git submodule foreach --recursive git config --local --show-origin --name-only --get-regexp remote.origin.url
2026-01-15T15:00:56.9251343Z Cleaning up orphan processes